[2026-08-19T05:21:17.518Z] Loading 726 games to process... (Removed 21 duplicates of existing team-dates)
[2026-08-19T05:21:17.520Z] Duplicate removals:
[2026-08-19T05:21:17.527Z]  - 2025-08-21 Denver vs (rv) Washington (box=https://denverpioneers.com/sports/mens-soccer/stats/2025/washington/boxscore/15567)
[2026-08-19T05:21:17.535Z]  - 2025-08-24 North Carolina vs Seattle U (box=https://goseattleu.com/boxscore/2076)
[2026-08-19T05:21:17.541Z]  - 2025-09-22 Seattle U vs Denver (box=https://goseattleu.com/boxscore/2083)
[2026-08-19T05:21:17.546Z]  - 2025-09-27 Villanova vs University of Connecticut (box=https://villanova.com/sports/mens-soccer/stats/2025/university-of-connecticut/boxscore/16915)
[2026-08-19T05:21:17.552Z]  - 2025-09-27 Pacific vs LMU (box=https://pacifictigers.com/sports/mens-soccer/stats/2025/lmu/boxscore/10162)
[2026-08-19T05:21:17.561Z]  - 2025-09-27 Saint Mary's vs Seattle U (box=https://goseattleu.com/boxscore/2084)
[2026-08-19T05:21:17.568Z]  - 2025-10-03 Villanova vs Providence College (box=https://villanova.com/sports/mens-soccer/stats/2025/providence-college/boxscore/16916)
[2026-08-19T05:21:17.573Z]  - 2025-10-03 Connecticut vs Creighton (box=https://gocreighton.com/sports/mens-soccer/stats/2025/connecticut/boxscore/16273)
[2026-08-19T05:21:17.580Z]  - 2025-10-04 Seattle U vs Pacific (box=https://goseattleu.com/boxscore/2085)
[2026-08-19T05:21:17.589Z]  - 2025-10-10 Santa Clara vs Seattle U (box=https://goseattleu.com/boxscore/2088)
[2026-08-19T05:21:17.596Z]  - 2025-10-19 LMU vs Saint Mary's (box=https://smcgaels.com/sports/mens-soccer/stats/2025/lmu/boxscore/12241)
[2026-08-19T05:21:17.604Z]  - 2025-10-25 Providence vs UConn (box=https://uconnhuskies.com/sports/mens-soccer/stats/2025/providence/boxscore/24947)
[2026-08-19T05:21:17.611Z]  - 2025-10-25 Seattle University vs Oregon State (box=https://osubeavers.com/sports/mens-soccer/stats/2025/seattle-university/boxscore/22275)
[2026-08-19T05:21:17.622Z]  - 2025-10-26 Georgia State vs UCF (box=https://ucfknights.com/boxscore/11324)
[2026-08-19T05:21:17.631Z]  - 2025-11-01 Butler vs Connecticut (box=https://butlersports.com/sports/mens-soccer/stats/2025/connecticut/boxscore/15114)
[2026-08-19T05:21:17.638Z]  - 2025-11-07 Seton Hall vs UConn (box=https://uconnhuskies.com/sports/mens-soccer/stats/2025/seton-hall/boxscore/24949)
[2026-08-19T05:21:17.646Z]  - 2025-11-08 San Francisco vs Saint Mary's (box=https://usfdons.com/sports/mens-soccer/stats/2025/saint-mary-s/boxscore/8599)
[2026-08-19T05:21:17.655Z]  - 2025-11-08 Portland vs Seattle U (box=https://goseattleu.com/boxscore/2091)
[2026-08-19T05:21:17.666Z]  - 2025-11-23 Portland vs Denver (box=https://portlandpilots.com/sports/mens-soccer/stats/2025/denver/boxscore/13117)
[2026-08-19T05:21:17.677Z]  - 2025-11-29 Maryland vs Connecticut (box=https://umterps.com/sports/mens-soccer/stats/2025/connecticut/boxscore/19896)
[2026-08-19T05:21:17.688Z]  - 2025-12-06 Georgetown vs NC State (box=https://guhoyas.com/sports/mens-soccer/stats/2025/nc-state/boxscore/21655)
[2026-08-19T05:21:17.699Z] Starting Batch 1 (120 games)...
[2026-08-19T05:21:31.458Z] OK [sidearm-2025-08-16-LMU-UC-San-Diego] Parsed 30 stats (attempt 1)
[2026-08-19T05:21:32.347Z] OK [sidearm-2025-08-09-LMU-California-Baptist] Parsed 30 stats (attempt 1)
[2026-08-19T05:21:32.350Z] OK [sidearm-2025-08-21-Boston-College-Binghamton] Parsed 60 stats (attempt 1)
[2026-08-19T05:21:32.361Z] OK [sidearm-2025-08-10-Saint-Mary's-Santa-Clara] Parsed 35 stats (attempt 1)
[2026-08-19T05:21:32.377Z] OK [sidearm-2025-08-17-Santa-Clara-UC-Santa-Cruz] Parsed 35 stats (attempt 1)
[2026-08-19T05:21:32.406Z] OK [sidearm-2025-08-21-California-Saint-Mary's] Parsed 33 stats (attempt 1)
[2026-08-19T05:21:32.746Z] WARN [sidearm-2025-08-15-Portland-Washington-(Exh.)] No stats found (attempt 1)
[2026-08-19T05:21:32.881Z] WARN [sidearm-2025-08-10-Portland-Oregon-State-(Exh.)] No stats found (attempt 1)
[2026-08-19T05:21:32.408Z] OK [wmt-2025-08-21-Michigan-Notre-Dame] Parsed 34 stats from WMT stats feed
[2026-08-19T05:21:32.715Z] OK [wmt-2025-08-21-Sacramento-State-Stanford] Parsed 45 stats from WMT stats feed
[2026-08-19T05:21:32.726Z] OK [wmt-2025-08-21-Clemson-Indiana] Parsed 33 stats from WMT stats feed
[2026-08-19T05:21:42.638Z] OK [sidearm-2025-08-21-NC-State-Queens] Parsed 64 stats (attempt 1)
[2026-08-19T05:21:43.235Z] OK [sidearm-2025-08-21-Pittsburgh-Quinnipiac] Parsed 54 stats (attempt 1)
[2026-08-19T05:21:43.253Z] OK [sidearm-2025-08-21-Duke-#10-San-Diego] Parsed 67 stats (attempt 1)
[2026-08-19T05:21:47.412Z] OK [sidearm-2025-08-21-SMU-UMKC] Parsed 35 stats (attempt 1)
[2026-08-19T05:21:47.427Z] OK [sidearm-2025-08-21-Louisville-University-of-Southern-Indiana] Parsed 54 stats (attempt 1)
[2026-08-19T05:21:48.380Z] OK [wmt-2025-08-21-San-Diego-State-Virginia] Parsed 32 stats from WMT stats feed
[2026-08-19T05:21:48.670Z] OK [wmt-2025-08-21-Ohio-State-Virginia-Tech] Parsed 33 stats from WMT stats feed
[2026-08-19T05:21:59.970Z] OK [sidearm-2025-08-21-Temple--St.-John's] Parsed 61 stats (attempt 1)
[2026-08-19T05:21:59.973Z] OK [sidearm-2025-08-21-Rutgers-Providence] Parsed 57 stats (attempt 1)
[2026-08-19T05:21:59.984Z] OK [sidearm-2025-08-21-Seton-Hall-Lafayette] Parsed 59 stats (attempt 1)
[2026-08-19T05:22:00.013Z] OK [sidearm-2025-08-21-Syracuse-UConn] Parsed 54 stats (attempt 1)
[2026-08-19T05:22:00.819Z] WARN [sidearm-2025-08-21-Georgetown-High-Point] No stats found (attempt 1)
[2026-08-19T05:22:02.025Z] OK [sidearm-2025-08-21-North-Carolina-UCF] Parsed 59 stats (attempt 1)
[2026-08-19T05:22:03.011Z] OK [wmt-2025-08-21-Eastern-Illinois-Northwestern] Parsed 41 stats from WMT stats feed
[2026-08-19T05:22:07.935Z] OK [sidearm-2025-08-21-Michigan-State-UC-Riverside] Parsed 58 stats (attempt 1)
[2026-08-19T05:22:16.270Z] OK [sidearm-2025-08-21-Florida-Atlantic-Creighton] Parsed 61 stats (attempt 1)
[2026-08-19T05:22:16.273Z] OK [sidearm-2025-08-21-Butler-Western-Illinois] Parsed 34 stats (attempt 1)
[2026-08-19T05:22:16.286Z] OK [sidearm-2025-08-21-VCU-Akron] Parsed 56 stats (attempt 1)
[2026-08-19T05:22:16.320Z] OK [sidearm-2025-08-21-Xavier-Saint-Francis] Parsed 59 stats (attempt 1)
[2026-08-19T05:22:17.003Z] OK [sidearm-2025-08-21-DePaul-Purdue-Fort-Wayne] Parsed 54 stats (attempt 1)
[2026-08-19T05:22:17.017Z] OK [sidearm-2025-08-21-Marquette-Bradley-] Parsed 57 stats (attempt 1)
[2026-08-19T05:22:18.189Z] OK [wmt-2025-08-21-UC-Irvine-UCLA] Parsed 36 stats from WMT stats feed
[2026-08-19T05:22:19.102Z] OK [wmt-2025-08-21-Penn-State-Stetson] Parsed 36 stats from WMT stats feed
[2026-08-19T05:22:27.681Z] OK [sidearm-2025-08-21-Georgia-State-USC---Upstate] Parsed 34 stats (attempt 1)
[2026-08-19T05:22:28.144Z] OK [sidearm-2025-08-21-#4-Denver-Washington] Parsed 58 stats (attempt 1)
[2026-08-19T05:22:28.148Z] OK [sidearm-2025-08-21-Wisconsin-North-Florida] Parsed 61 stats (attempt 1)
[2026-08-19T05:22:28.162Z] OK [sidearm-2025-08-21-Charlotte-Georgia-Southern] Parsed 57 stats (attempt 1)
[2026-08-19T05:22:28.191Z] OK [sidearm-2025-08-21-James-Madison-Fordham] Parsed 58 stats (attempt 1)
[2026-08-19T05:22:29.157Z] OK [sidearm-2025-08-21-Winthrop-Coastal-Carolina] Parsed 50 stats (attempt 1)
[2026-08-19T05:22:29.160Z] SKIP [wmtwp-2025-08-21-Kentucky-Western-Michigan] PDF-only box score: https://storage.googleapis.com/ukathletics-com/2025/08/ee7337dc-uk-msoc-box-score-western-michigan.pdf
[2026-08-19T05:22:29.612Z] WARN [wmt-2025-08-21-George-Washington-Old-Dominion] WMT stats feed returned no players for https://odusports.com/boxscore/14281
[2026-08-19T05:22:38.407Z] OK [wmtwp-2025-08-21-Charleston-South-Carolina] Parsed 11 stats (attempt 1)
[2026-08-19T05:22:42.221Z] OK [sidearm-2025-08-21-LMU-UNLV] Parsed 30 stats (attempt 1)
[2026-08-19T05:22:42.600Z] OK [sidearm-2025-08-21-Pacific-Incarnate-Word] Parsed 36 stats (attempt 1)
[2026-08-19T05:22:42.602Z] OK [sidearm-2025-08-21-San-Francisco-UC-Davis] Parsed 59 stats (attempt 1)
[2026-08-19T05:22:42.613Z] OK [sidearm-2025-08-21-West-Virginia-Manhattan] Parsed 60 stats (attempt 1)
[2026-08-19T05:22:42.636Z] OK [sidearm-2025-08-21-Santa-Clara-Cleveland-State] Parsed 35 stats (attempt 1)
[2026-08-19T05:22:43.671Z] OK [wmt-2025-08-21-Missouri-State-Seattle-U] Parsed 42 stats from WMT stats feed
[2026-08-19T05:22:55.771Z] OK [sidearm-2025-08-22-Villanova-Rider-University] Parsed 37 stats (attempt 1)
[2026-08-19T05:22:56.032Z] OK [sidearm-2025-08-24-NC-State-Wofford] Parsed 64 stats (attempt 1)
[2026-08-19T05:22:56.035Z] OK [sidearm-2025-08-21-Oregon-State-UC-Santa-Barbara] Parsed 59 stats (attempt 1)
[2026-08-19T05:22:56.046Z] OK [sidearm-2025-08-22-Marshall-George-Mason] Parsed 55 stats (attempt 1)
[2026-08-19T05:22:56.067Z] OK [sidearm-2025-08-24-California-UCLA] Parsed 35 stats (attempt 1)
[2026-08-19T05:22:56.743Z] WARN [sidearm-2025-08-22-Portland-Central-Arkansas] No stats found (attempt 1)
[2026-08-19T05:22:57.046Z] OK [sidearm-2025-08-24-Duke-UC-San-Diego] Parsed 61 stats (attempt 1)
[2026-08-19T05:22:55.902Z] OK [wmt-2025-08-24-IU-Indy-Notre-Dame] Parsed 33 stats from WMT stats feed
[2026-08-19T05:22:56.013Z] OK [wmt-2025-08-24-Stetson-Virginia] Parsed 35 stats from WMT stats feed
[2026-08-19T05:22:56.155Z] OK [wmt-2025-08-24-Denver-Stanford] Parsed 31 stats from WMT stats feed
[2026-08-19T05:22:56.187Z] OK [wmt-2025-08-24-Canisius-Virginia-Tech] Parsed 38 stats from WMT stats feed
[2026-08-19T05:23:06.620Z] OK [sidearm-2025-08-24-Loyola--Syracuse] Parsed 58 stats (attempt 1)
[2026-08-19T05:23:07.331Z] OK [sidearm-2025-08-24-Wake-Forest-UCF] Parsed 58 stats (attempt 1)
[2026-08-19T05:23:08.964Z] OK [sidearm-2025-08-24-North-Carolina-Seattle] Parsed 59 stats (attempt 1)
[2026-08-19T05:23:11.710Z] OK [sidearm-2025-08-24-SMU-Saint-Louis] Parsed 34 stats (attempt 1)
[2026-08-19T05:23:24.058Z] OK [sidearm-2025-08-24-Florida-International-Creighton] Parsed 57 stats (attempt 1)
[2026-08-19T05:23:24.143Z] OK [sidearm-2025-08-24-DePaul-Oakland] Parsed 54 stats (attempt 1)
[2026-08-19T05:23:24.171Z] OK [sidearm-2025-08-24-Marquette-North-Florida] Parsed 62 stats (attempt 1)
[2026-08-19T05:23:24.173Z] OK [sidearm-2025-08-24-No.-23-Hofstra-St.-John's] Parsed 61 stats (attempt 1)
[2026-08-19T05:23:24.184Z] OK [sidearm-2025-08-24-Seton-Hall-Rutgers] Parsed 59 stats (attempt 1)
[2026-08-19T05:23:24.194Z] OK [sidearm-2025-08-24-Butler-Bowling-Green] Parsed 32 stats (attempt 1)
[2026-08-19T05:23:24.217Z] OK [sidearm-2025-08-24-Akron-Northern-Kentucky] Parsed 58 stats (attempt 1)
[2026-08-19T05:23:25.184Z] OK [sidearm-2025-08-24-UConn-UMASS] Parsed 54 stats (attempt 1)
[2026-08-19T05:23:26.117Z] OK [wmt-2025-08-24-Army-Penn-State] Parsed 35 stats from WMT stats feed
[2026-08-19T05:23:26.269Z] OK [wmt-2025-08-24-Air-Force-Northwestern] Parsed 33 stats from WMT stats feed
[2026-08-19T05:23:38.592Z] OK [sidearm-2025-08-24-Wisconsin-Bradley] Parsed 56 stats (attempt 1)
[2026-08-19T05:23:38.595Z] OK [sidearm-2025-08-24-Indiana-San-Francisco] Parsed 59 stats (attempt 1)
[2026-08-19T05:23:38.604Z] OK [sidearm-2025-08-24-Georgia-Southern-UNCW] Parsed 59 stats (attempt 1)
[2026-08-19T05:23:38.614Z] OK [sidearm-2025-08-24-James-Madison-Gardner-Webb] Parsed 62 stats (attempt 1)
[2026-08-19T05:23:38.627Z] OK [sidearm-2025-08-24-Oregon-State-Washington] Parsed 57 stats (attempt 1)
[2026-08-19T05:23:38.643Z] OK [sidearm-2025-08-24-Michigan-UC-Riverside] Parsed 60 stats (attempt 1)
[2026-08-19T05:23:52.324Z] OK [sidearm-2025-08-24-LMU-American] Parsed 30 stats (attempt 1)
[2026-08-19T05:23:52.573Z] OK [sidearm-2025-08-24-Pacific-Houston-Christian] Parsed 34 stats (attempt 1)
[2026-08-19T05:23:52.575Z] OK [sidearm-2025-08-24-San-Diego-Furman] Parsed 38 stats (attempt 1)
[2026-08-19T05:23:52.584Z] OK [sidearm-2025-08-25-Boston-College-Siena] Parsed 57 stats (attempt 1)
[2026-08-19T05:23:52.601Z] OK [sidearm-2025-08-24-Saint-Mary's-San-Jose-State] Parsed 59 stats (attempt 1)
[2026-08-19T05:23:52.622Z] OK [sidearm-2025-08-24-Santa-Clara-UC-Davis] Parsed 35 stats (attempt 1)
[2026-08-19T05:23:52.798Z] OK [sidearm-2025-08-25-Pittsburgh-Michigan-State] Parsed 54 stats (attempt 1)
[2026-08-19T05:23:55.540Z] OK [sidearm-2025-08-25-UAB-Louisville] Parsed 56 stats (attempt 1)
[2026-08-19T05:23:55.543Z] SKIP [wmtwp-2025-08-25-Bellarmine-Kentucky] PDF-only box score: https://storage.googleapis.com/ukathletics-com/2025/08/04f952aa-msoc-box-score-vs-bellarmine.pdf
[2026-08-19T05:23:56.567Z] OK [wmt-2025-08-26-Clemson-South-Carolina] Parsed 36 stats from WMT stats feed
[2026-08-19T05:23:56.661Z] OK [wmt-2025-08-25-Elon-Old-Dominion] Parsed 34 stats from WMT stats feed
[2026-08-19T05:24:06.158Z] OK [sidearm-2025-08-26-Georgia-State-UNC-Asheville] Parsed 37 stats (attempt 1)
[2026-08-19T05:24:08.547Z] OK [sidearm-2025-08-25-Providence-New-Haven] Parsed 72 stats (attempt 1)
[2026-08-19T05:24:08.564Z] OK [sidearm-2025-08-25-West-Virginia-La-Salle] Parsed 64 stats (attempt 1)
[2026-08-19T05:24:09.350Z] WARN [sidearm-2025-08-25-Georgetown-Maryland] No stats found (attempt 1)
[2026-08-19T05:24:09.352Z] FALLBACK [sidearm-2025-08-25-Georgetown-Maryland] Primary box score empty, trying https://umterps.com/sports/mens-soccer/stats/2025/no-25-georgetown/boxscore/18779
[2026-08-19T05:24:09.528Z] WARN [sidearm-2025-08-25-Portland-Lewis-&-Clark] No stats found (attempt 1)
[2026-08-19T05:24:23.707Z] OK [sidearm-2025-08-25-Georgetown-Maryland] Parsed 58 stats (attempt 1)
[2026-08-19T05:24:23.709Z] FALLBACK OK [sidearm-2025-08-25-Georgetown-Maryland] Recovered 58 stats from the alternate source
[2026-08-19T05:24:24.889Z] OK [wmt-2025-08-28-Notre-Dame-Oregon-State] Parsed 33 stats from WMT stats feed
[2026-08-19T05:24:24.980Z] OK [wmt-2025-08-28-Santa-Clara-Stanford] Parsed 35 stats from WMT stats feed
[2026-08-19T05:24:25.101Z] OK [wmt-2025-08-27-UCF-UTRGV] Parsed 40 stats from WMT stats feed
[2026-08-19T05:24:25.804Z] OK [wmt-2025-08-28-George-Mason-Virginia] Parsed 38 stats from WMT stats feed
[2026-08-19T05:24:36.953Z] OK [sidearm-2025-08-28-Syracuse-Penn-State-] Parsed 51 stats (attempt 1)
[2026-08-19T05:24:36.971Z] OK [sidearm-2025-08-28-California-San-Francisco] Parsed 34 stats (attempt 1)
[2026-08-19T05:24:39.165Z] OK [sidearm-2025-08-28-North-Carolina-Evansville] Parsed 72 stats (attempt 1)
[2026-08-19T05:24:41.527Z] OK [sidearm-2025-08-28-SMU-LMU] Parsed 32 stats (attempt 1)
[2026-08-19T05:24:58.508Z] OK [sidearm-2025-08-28-Villanova-Iona-University] Parsed 30 stats (attempt 1)
[2026-08-19T05:24:58.511Z] OK [sidearm-2025-08-28-Butler-Detroit-Mercy] Parsed 36 stats (attempt 1)
[2026-08-19T05:24:58.520Z] OK [sidearm-2025-08-28-St.-John's-New-Hampshire] Parsed 62 stats (attempt 1)
[2026-08-19T05:24:58.547Z] OK [sidearm-2025-08-28-Indiana-Green-Bay] Parsed 58 stats (attempt 1)
[2026-08-19T05:24:58.893Z] OK [sidearm-2025-08-28-Wake-Forest-Oral-Roberts] Parsed 59 stats (attempt 1)
[2026-08-19T05:24:59.003Z] OK [sidearm-2025-08-28-NJIT-UConn] Parsed 57 stats (attempt 1)
[2026-08-19T05:24:59.015Z] OK [sidearm-2025-08-28-Marquette-Drake-] Parsed 60 stats (attempt 1)
[2026-08-19T05:24:59.035Z] OK [sidearm-2025-08-28-DePaul-Chicago-State] Parsed 56 stats (attempt 1)
[2026-08-19T05:25:00.068Z] OK [wmt-2025-08-28-Cal-State-Fullerton-UCLA] Parsed 33 stats from WMT stats feed
[2026-08-19T05:25:00.180Z] OK [wmt-2025-08-29-Clemson-UAB] Parsed 41 stats from WMT stats feed
[2026-08-19T05:25:00.189Z] OK [wmt-2025-08-28-Seattle-U-UNLV] Parsed 34 stats from WMT stats feed
[2026-08-19T05:25:10.340Z] OK [sidearm-2025-08-29-Providence-Boston-College] Parsed 57 stats (attempt 1)
[2026-08-19T05:25:10.714Z] OK [sidearm-2025-08-28-Wofford--Georgia-Southern] Parsed 63 stats (attempt 1)
[2026-08-19T05:25:10.717Z] OK [sidearm-2025-08-28-Washington-UC-Davis] Parsed 58 stats (attempt 1)
[2026-08-19T05:25:10.739Z] OK [sidearm-2025-08-28-Ohio-State-Oakland-University] Parsed 54 stats (attempt 1)
[2026-08-19T05:25:10.903Z] OK [sidearm-2025-08-28-Denver-San-Diego] Parsed 66 stats (attempt 1)
[2026-08-19T05:25:10.905Z] Retrying 8 games with longer waits...
[2026-08-19T05:25:10.916Z] SKIP [wmtwp-2025-08-21-Kentucky-Western-Michigan] PDF-only box score: https://storage.googleapis.com/ukathletics-com/2025/08/ee7337dc-uk-msoc-box-score-western-michigan.pdf
[2026-08-19T05:25:10.929Z] SKIP [wmtwp-2025-08-25-Bellarmine-Kentucky] PDF-only box score: https://storage.googleapis.com/ukathletics-com/2025/08/04f952aa-msoc-box-score-vs-bellarmine.pdf
[2026-08-19T05:25:11.412Z] WARN [wmt-2025-08-21-George-Washington-Old-Dominion] WMT stats feed returned no players for https://odusports.com/boxscore/14281
[2026-08-19T05:25:24.745Z] WARN [sidearm-2025-08-25-Portland-Lewis-&-Clark] No stats found (attempt 2)
[2026-08-19T05:25:25.009Z] WARN [sidearm-2025-08-10-Portland-Oregon-State-(Exh.)] No stats found (attempt 2)
[2026-08-19T05:25:25.011Z] WARN [sidearm-2025-08-21-Georgetown-High-Point] No stats found (attempt 2)
[2026-08-19T05:25:25.026Z] WARN [sidearm-2025-08-15-Portland-Washington-(Exh.)] No stats found (attempt 2)
[2026-08-19T05:25:25.048Z] WARN [sidearm-2025-08-22-Portland-Central-Arkansas] No stats found (attempt 2)
[2026-08-19T05:25:25.051Z] Retrying 8 games with extra-long waits...
[2026-08-19T05:25:25.061Z] SKIP [wmtwp-2025-08-21-Kentucky-Western-Michigan] PDF-only box score: https://storage.googleapis.com/ukathletics-com/2025/08/ee7337dc-uk-msoc-box-score-western-michigan.pdf
[2026-08-19T05:25:25.071Z] SKIP [wmtwp-2025-08-25-Bellarmine-Kentucky] PDF-only box score: https://storage.googleapis.com/ukathletics-com/2025/08/04f952aa-msoc-box-score-vs-bellarmine.pdf
[2026-08-19T05:25:25.196Z] WARN [wmt-2025-08-21-George-Washington-Old-Dominion] WMT stats feed returned no players for https://odusports.com/boxscore/14281
[2026-08-19T05:25:41.852Z] WARN [sidearm-2025-08-15-Portland-Washington-(Exh.)] No stats found (attempt 3)
[2026-08-19T05:25:42.004Z] WARN [sidearm-2025-08-21-Georgetown-High-Point] No stats found (attempt 3)
[2026-08-19T05:25:42.006Z] WARN [sidearm-2025-08-22-Portland-Central-Arkansas] No stats found (attempt 3)
[2026-08-19T05:25:42.018Z] WARN [sidearm-2025-08-10-Portland-Oregon-State-(Exh.)] No stats found (attempt 3)
[2026-08-19T05:25:42.043Z] WARN [sidearm-2025-08-25-Portland-Lewis-&-Clark] No stats found (attempt 3)
[2026-08-19T05:25:42.083Z] Batch 1 complete. Memory cleared.
[2026-08-19T05:25:42.086Z] Starting Batch 2 (120 games)...
[2026-08-19T05:25:43.102Z] OK [wmt-2025-08-29-Marshall-Virginia-Tech] Parsed 34 stats from WMT stats feed
[2026-08-19T05:25:43.116Z] OK [wmt-2025-08-29-Loyola-Chicago-Northwestern] Parsed 31 stats from WMT stats feed
[2026-08-19T05:25:50.324Z] OK [sidearm-2025-08-29-NC-State-FIU] Parsed 57 stats (attempt 1)
[2026-08-19T05:25:50.427Z] OK [sidearm-2025-08-29-Akron-#8-West-Virginia] Parsed 58 stats (attempt 1)
[2026-08-19T05:25:51.468Z] OK [sidearm-2025-08-29-Georgetown-Pittsburgh] Parsed 54 stats (attempt 1)
[2026-08-19T05:25:52.446Z] OK [sidearm-2025-08-29-Michigan-Creighton] Parsed 61 stats (attempt 1)
[2026-08-19T05:25:56.042Z] OK [sidearm-2025-08-29-Louisville-IU-Indy] Parsed 56 stats (attempt 1)
[2026-08-19T05:25:56.061Z] OK [sidearm-2025-08-29-Maryland-Bucknell] Parsed 58 stats (attempt 1)
[2026-08-19T05:25:56.476Z] WARN [wmt-2025-08-29-Old-Dominion-VCU] WMT stats feed returned no players for https://odusports.com/boxscore/14283
[2026-08-19T05:26:05.815Z] OK [wmtwp-2025-08-29-South-Carolina-USC-Upstate] Parsed 10 stats (attempt 1)
[2026-08-19T05:26:11.225Z] OK [sidearm-2025-08-30-Saint-Louis-Seton-Hall] Parsed 58 stats (attempt 1)
[2026-08-19T05:26:11.382Z] OK [sidearm-2025-08-29-#19-Kansas-City-Saint-Mary's] Parsed 58 stats (attempt 1)
[2026-08-19T05:26:11.384Z] OK [sidearm-2025-08-30-Bellarmine-Xavier] Parsed 69 stats (attempt 1)
[2026-08-19T05:26:11.402Z] OK [sidearm-2025-08-29-Wisconsin-Western-Michigan] Parsed 57 stats (attempt 1)
[2026-08-19T05:26:11.423Z] OK [sidearm-2025-08-29-James-Madison-Rutgers] Parsed 58 stats (attempt 1)
[2026-08-19T05:26:12.585Z] WARN [sidearm-2025-08-29-Portland-Siena-College] No stats found (attempt 1)
[2026-08-19T05:26:13.151Z] OK [wmt-2025-08-31-Stanford-UC-Davis] Parsed 34 stats from WMT stats feed
[2026-08-19T05:26:22.621Z] OK [sidearm-2025-08-30-Georgia-State-Winthrop] Parsed 36 stats (attempt 1)
[2026-08-19T05:26:24.688Z] OK [sidearm-2025-08-31-California-UC-San-Diego] Parsed 34 stats (attempt 1)
[2026-08-19T05:26:25.187Z] OK [sidearm-2025-08-31-Wake-Forest-St.-John's] Parsed 63 stats (attempt 1)
[2026-08-19T05:26:25.418Z] OK [sidearm-2025-08-31-Furman-Duke] Parsed 59 stats (attempt 1)
[2026-08-19T05:26:25.420Z] OK [sidearm-2025-08-31-DePaul--St.-Thomas] Parsed 55 stats (attempt 1)
[2026-08-19T05:26:25.447Z] OK [sidearm-2025-08-31-UConn-Manhattan-] Parsed 61 stats (attempt 1)
[2026-08-19T05:26:29.487Z] OK [sidearm-2025-08-31-SMU-Oral-Roberts] Parsed 34 stats (attempt 1)
[2026-08-19T05:26:30.965Z] OK [wmt-2025-08-31-UCF-UNC-Greensboro] Parsed 36 stats from WMT stats feed
[2026-08-19T05:26:41.914Z] OK [sidearm-2025-08-31-Pacific-Utah-Tech] Parsed 32 stats (attempt 1)
[2026-08-19T05:26:41.921Z] OK [sidearm-2025-08-31-Indiana-#14-Oregon-State] Parsed 57 stats (attempt 1)
[2026-08-19T05:26:41.081Z] OK [sidearm-2025-08-31-Washington-UNLV] Parsed 54 stats (attempt 1)
[2026-08-19T05:26:41.043Z] OK [sidearm-2025-08-31-Marquette-Chicago-State] Parsed 58 stats (attempt 1)
[2026-08-19T05:26:41.047Z] OK [sidearm-2025-08-31-Coastal-Carolina-Wofford] Parsed 55 stats (attempt 1)
[2026-08-19T05:26:41.074Z] OK [sidearm-2025-08-31-Denver-SIUE] Parsed 57 stats (attempt 1)
[2026-08-19T05:26:41.413Z] OK [sidearm-2025-08-31-Ohio-State-Temple-University] Parsed 54 stats (attempt 1)
[2026-08-19T05:26:42.152Z] OK [wmt-2025-09-01-American-Virginia] Parsed 34 stats from WMT stats feed
[2026-08-19T05:26:55.411Z] OK [sidearm-2025-09-01-Rhode-Island-Providence] Parsed 54 stats (attempt 1)
[2026-08-19T05:26:55.720Z] OK [sidearm-2025-09-01-Villanova-Saint-Joseph's-University] Parsed 31 stats (attempt 1)
[2026-08-19T05:26:55.722Z] OK [sidearm-2025-09-01-Akron-Cleveland-State] Parsed 56 stats (attempt 1)
[2026-08-19T05:26:55.736Z] OK [sidearm-2025-08-31-Santa-Clara-Sacramento-State] Parsed 35 stats (attempt 1)
[2026-08-19T05:26:55.754Z] OK [sidearm-2025-09-01-Yale--Syracuse] Parsed 54 stats (attempt 1)
[2026-08-19T05:26:56.456Z] WARN [sidearm-2025-09-01-Georgetown-Vermont] No stats found (attempt 1)
[2026-08-19T05:26:57.805Z] OK [sidearm-2025-09-01-College-of-Charleston-North-Carolina] Parsed 58 stats (attempt 1)
[2026-08-19T05:26:58.880Z] OK [wmt-2025-09-01-Northwestern-UIC] Parsed 31 stats from WMT stats feed
[2026-08-19T05:26:58.884Z] OK [wmt-2025-09-01-Missouri-State-Penn-State] Parsed 37 stats from WMT stats feed
[2026-08-19T05:27:05.886Z] OK [sidearm-2025-09-01-Michigan-State-Detroit-Mercy] Parsed 58 stats (attempt 1)
[2026-08-19T05:27:09.438Z] OK [sidearm-2025-09-01-Creighton-Tulsa] Parsed 58 stats (attempt 1)
[2026-08-19T05:27:09.611Z] OK [sidearm-2025-09-01-Butler-IU-Indy] Parsed 33 stats (attempt 1)
[2026-08-19T05:27:09.614Z] OK [sidearm-2025-09-01-Michigan-Bowling-Green] Parsed 58 stats (attempt 1)
[2026-08-19T05:27:09.638Z] OK [sidearm-2025-09-01-William-&-Mary-Rutgers] Parsed 59 stats (attempt 1)
[2026-08-19T05:27:13.624Z] OK [sidearm-2025-09-01-Maryland-Saint-Francis] Parsed 56 stats (attempt 1)
[2026-08-19T05:27:14.792Z] OK [wmt-2025-09-02-Lehigh-Old-Dominion] Parsed 33 stats from WMT stats feed
[2026-08-19T05:27:14.830Z] OK [wmt-2025-09-01-Kentucky-UCLA] Parsed 31 stats from WMT stats feed
[2026-08-19T05:27:23.220Z] OK [wmtwp-2025-09-02-FIU-South-Carolina] Parsed 11 stats (attempt 1)
[2026-08-19T05:27:26.238Z] OK [sidearm-2025-09-02-Boston-College-Northeastern] Parsed 59 stats (attempt 1)
[2026-08-19T05:27:26.250Z] OK [sidearm-2025-09-01-San-Francisco-CSU-Bakersfield] Parsed 58 stats (attempt 1)
[2026-08-19T05:27:28.325Z] OK [sidearm-2025-09-01-Wisconsin-Portland] Parsed 60 stats (attempt 1)
[2026-08-19T05:27:28.331Z] OK [sidearm-2025-09-01-San-Diego-San-Diego-State] Parsed 33 stats (attempt 1)
[2026-08-19T05:27:28.348Z] OK [sidearm-2025-09-02-Georgia-Southern-Stetson] Parsed 65 stats (attempt 1)
[2026-08-19T05:27:38.248Z] OK [sidearm-2025-09-03-Georgia-State-Mercer] Parsed 37 stats (attempt 1)
[2026-08-19T05:27:40.556Z] OK [sidearm-2025-09-03-UC-Davis-Saint-Mary's] Parsed 57 stats (attempt 1)
[2026-08-19T05:27:40.559Z] OK [sidearm-2025-09-04-LMU-Washington] Parsed 58 stats (attempt 1)
[2026-08-19T05:27:40.572Z] OK [sidearm-2025-09-03-Indiana-#15-Saint-Louis] Parsed 59 stats (attempt 1)
[2026-08-19T05:27:40.602Z] OK [sidearm-2025-09-03-West-Virginia-#13-Gardner-Webb] Parsed 63 stats (attempt 1)
[2026-08-19T05:27:41.315Z] OK [sidearm-2025-09-04-DePaul-UIC] Parsed 55 stats (attempt 1)
[2026-08-19T05:27:41.504Z] OK [sidearm-2025-09-04-UConn-Central-Connecticut-State-] Parsed 57 stats (attempt 1)
[2026-08-19T05:27:45.671Z] OK [sidearm-2025-09-04-SMU-GCU] Parsed 35 stats (attempt 1)
[2026-08-19T05:27:46.572Z] OK [wmt-2025-09-04-South-Florida-UCF] Parsed 30 stats from WMT stats feed
[2026-08-19T05:27:46.642Z] OK [wmt-2025-09-05-Clemson-Pittsburgh] Parsed 33 stats from WMT stats feed
[2026-08-19T05:27:46.688Z] OK [wmt-2025-09-04-CSUN-Seattle-U] Parsed 34 stats from WMT stats feed
[2026-08-19T05:27:57.348Z] OK [sidearm-2025-09-04-San-José-State-San-Francisco] Parsed 61 stats (attempt 1)
[2026-08-19T05:27:57.466Z] OK [sidearm-2025-09-04-San-Diego-California-Baptist] Parsed 35 stats (attempt 1)
[2026-08-19T05:27:57.469Z] OK [sidearm-2025-09-04-Oregon-State-California-State-Fullerton] Parsed 62 stats (attempt 1)
[2026-08-19T05:27:57.492Z] OK [sidearm-2025-09-05-Georgetown-Duke] Parsed 58 stats (attempt 1)
[2026-08-19T05:28:01.957Z] OK [sidearm-2025-09-05-Louisville-#1-Stanford-University] Parsed 55 stats (attempt 1)
[2026-08-19T05:28:03.029Z] OK [wmt-2025-09-05-Virginia-Virginia-Tech] Parsed 33 stats from WMT stats feed
[2026-08-19T05:28:12.911Z] OK [sidearm-2025-09-05-Providence-Harvard] Parsed 58 stats (attempt 1)
[2026-08-19T05:28:13.118Z] OK [sidearm-2025-09-05-St.-John's-No.-2-Marshall-] Parsed 62 stats (attempt 1)
[2026-08-19T05:28:13.120Z] OK [sidearm-2025-09-05-Villanova-Columbia-University] Parsed 33 stats (attempt 1)
[2026-08-19T05:28:13.129Z] OK [sidearm-2025-09-05-Seton-Hall-#21-Penn] Parsed 62 stats (attempt 1)
[2026-08-19T05:28:13.161Z] OK [sidearm-2025-09-05-NC-State-North-Carolina] Parsed 60 stats (attempt 1)
[2026-08-19T05:28:13.172Z] OK [sidearm-2025-09-05-Syracuse-Duquesne-] Parsed 54 stats (attempt 1)
[2026-08-19T05:28:14.200Z] OK [sidearm-2025-09-05-Wake-Forest-Lipscomb] Parsed 55 stats (attempt 1)
[2026-08-19T05:28:15.241Z] OK [wmt-2025-09-05-Mercyhurst-Penn-State] Parsed 37 stats from WMT stats feed
[2026-08-19T05:28:21.582Z] OK [sidearm-2025-09-05-Bowling-Green-Michigan-State] Parsed 55 stats (attempt 1)
[2026-08-19T05:28:27.792Z] OK [sidearm-2025-09-05-Creighton-Denver] Parsed 59 stats (attempt 1)
[2026-08-19T05:28:28.377Z] OK [sidearm-2025-09-05-#16-Ohio-State-Akron] Parsed 57 stats (attempt 1)
[2026-08-19T05:28:28.381Z] OK [sidearm-2025-09-05-Butler-Western-Michigan] Parsed 34 stats (attempt 1)
[2026-08-19T05:28:28.399Z] OK [sidearm-2025-09-05-Princeton-Rutgers] Parsed 62 stats (attempt 1)
[2026-08-19T05:28:28.418Z] OK [sidearm-2025-09-05-Oakland-Michigan] Parsed 58 stats (attempt 1)
[2026-08-19T05:28:28.927Z] OK [sidearm-2025-09-05-Coastal-Carolina-Presbyterian] Parsed 56 stats (attempt 1)
[2026-08-19T05:28:30.221Z] OK [wmt-2025-09-07-Indiana-Notre-Dame] Parsed 34 stats from WMT stats feed
[2026-08-19T05:28:38.451Z] OK [wmtwp-2025-09-05-Charlotte-South-Carolina] Parsed 9 stats (attempt 1)
[2026-08-19T05:28:43.133Z] OK [sidearm-2025-09-07-Boston-College-California] Parsed 63 stats (attempt 1)
[2026-08-19T05:28:43.143Z] OK [sidearm-2025-09-05-Santa-Clara-San-Diego-State] Parsed 35 stats (attempt 1)
[2026-08-19T05:28:43.176Z] OK [sidearm-2025-09-06-Xavier-Northwestern] Parsed 62 stats (attempt 1)
[2026-08-19T05:28:43.956Z] WARN [sidearm-2025-09-05-Portland-Kansas-City] No stats found (attempt 1)
[2026-08-19T05:28:45.062Z] OK [sidearm-2025-09-07-UConn-Colgate-] Parsed 57 stats (attempt 1)
[2026-08-19T05:28:48.509Z] OK [sidearm-2025-09-06-Maryland-Pacific] Parsed 58 stats (attempt 1)
[2026-08-19T05:28:49.347Z] OK [wmt-2025-09-07-Bucknell-Old-Dominion] Parsed 42 stats from WMT stats feed
[2026-08-19T05:28:49.372Z] OK [wmt-2025-09-07-LMU-UCLA] Parsed 35 stats from WMT stats feed
[2026-08-19T05:29:00.574Z] OK [sidearm-2025-09-08-St.-John's-Rhode-Island] Parsed 62 stats (attempt 1)
[2026-08-19T05:29:00.716Z] OK [sidearm-2025-09-08-Syracuse-New-Haven] Parsed 71 stats (attempt 1)
[2026-08-19T05:29:00.734Z] OK [sidearm-2025-09-07-#22-George-Mason-West-Virginia] Parsed 55 stats (attempt 1)
[2026-08-19T05:29:01.156Z] OK [sidearm-2025-09-07-DePaul-Loyola-Chicago] Parsed 55 stats (attempt 1)
[2026-08-19T05:29:01.174Z] OK [sidearm-2025-09-08-Pittsburgh-Butler] Parsed 54 stats (attempt 1)
[2026-08-19T05:29:05.486Z] OK [sidearm-2025-09-08-SMU-Incarnate-Word] Parsed 33 stats (attempt 1)
[2026-08-19T05:29:06.522Z] OK [wmt-2025-09-09-Clemson-VCU] Parsed 32 stats from WMT stats feed
[2026-08-19T05:29:13.044Z] OK [sidearm-2025-09-08-Michigan-State-Oakland-] Parsed 55 stats (attempt 1)
[2026-08-19T05:29:16.444Z] OK [sidearm-2025-09-08-Georgia-State-Lipscomb] Parsed 34 stats (attempt 1)
[2026-08-19T05:29:18.732Z] OK [sidearm-2025-09-08-Villanova-Army] Parsed 37 stats (attempt 1)
[2026-08-19T05:29:18.734Z] OK [sidearm-2025-09-08-Santa-Clara-Grand-Canyon] Parsed 35 stats (attempt 1)
[2026-08-19T05:29:18.760Z] OK [sidearm-2025-09-08-Seattle-U-Washington] Parsed 58 stats (attempt 1)
[2026-08-19T05:29:19.394Z] OK [sidearm-2025-09-08-Denver-Cal-Poly] Parsed 60 stats (attempt 1)
[2026-08-19T05:29:24.898Z] OK [sidearm-2025-09-09-Ohio-State-University-Louisville] Parsed 55 stats (attempt 1)
[2026-08-19T05:29:24.904Z] SKIP [wmtwp-2025-09-09-Detroit-Mercy-Kentucky] PDF-only box score: https://storage.googleapis.com/ukathletics-com/2025/09/3bcdffee-msoc-box-score-vs-detroit-mercy.pdf
[2026-08-19T05:29:25.917Z] OK [wmt-2025-09-09-Saint-Mary's-Stanford] Parsed 39 stats from WMT stats feed
[2026-08-19T05:29:25.930Z] OK [wmt-2025-09-09-Furman-Virginia-Tech] Parsed 36 stats from WMT stats feed
[2026-08-19T05:29:30.293Z] OK [wmtwp-2025-09-09-South-Carolina-Winthrop] Parsed 9 stats (attempt 1)
[2026-08-19T05:29:36.003Z] OK [sidearm-2025-09-09-Akron-Western-Michigan] Parsed 58 stats (attempt 1)
[2026-08-19T05:29:36.019Z] OK [sidearm-2025-09-09-#12-High-Point-Marshall] Parsed 59 stats (attempt 1)
[2026-08-19T05:29:36.754Z] OK [sidearm-2025-09-09-Wake-Forest-Campbell] Parsed 59 stats (attempt 1)
[2026-08-19T05:29:37.008Z] WARN [sidearm-2025-09-09-Georgetown-James-Madison] No stats found (attempt 1)
[2026-08-19T05:29:37.010Z] FALLBACK [sidearm-2025-09-09-Georgetown-James-Madison] Primary box score empty, trying https://jmusports.com/sports/mens-soccer/stats/2025/georgetown/boxscore/20491
[2026-08-19T05:29:48.411Z] OK [sidearm-2025-09-09-Georgetown-James-Madison] Parsed 55 stats (attempt 1)
[2026-08-19T05:29:48.415Z] FALLBACK OK [sidearm-2025-09-09-Georgetown-James-Madison] Recovered 55 stats from the alternate source
[2026-08-19T05:29:48.427Z] Retrying 5 games with longer waits...
[2026-08-19T05:29:48.439Z] SKIP [wmtwp-2025-09-09-Detroit-Mercy-Kentucky] PDF-only box score: https://storage.googleapis.com/ukathletics-com/2025/09/3bcdffee-msoc-box-score-vs-detroit-mercy.pdf
[2026-08-19T05:29:48.888Z] WARN [wmt-2025-08-29-Old-Dominion-VCU] WMT stats feed returned no players for https://odusports.com/boxscore/14283
[2026-08-19T05:30:00.734Z] WARN [sidearm-2025-08-29-Portland-Siena-College] No stats found (attempt 2)
[2026-08-19T05:30:00.736Z] WARN [sidearm-2025-09-05-Portland-Kansas-City] No stats found (attempt 2)
[2026-08-19T05:30:00.762Z] WARN [sidearm-2025-09-01-Georgetown-Vermont] No stats found (attempt 2)
[2026-08-19T05:30:00.764Z] Retrying 5 games with extra-long waits...
[2026-08-19T05:30:00.776Z] SKIP [wmtwp-2025-09-09-Detroit-Mercy-Kentucky] PDF-only box score: https://storage.googleapis.com/ukathletics-com/2025/09/3bcdffee-msoc-box-score-vs-detroit-mercy.pdf
[2026-08-19T05:30:01.005Z] WARN [wmt-2025-08-29-Old-Dominion-VCU] WMT stats feed returned no players for https://odusports.com/boxscore/14283
[2026-08-19T05:30:16.205Z] WARN [sidearm-2025-08-29-Portland-Siena-College] No stats found (attempt 3)
[2026-08-19T05:30:16.325Z] WARN [sidearm-2025-09-01-Georgetown-Vermont] No stats found (attempt 3)
[2026-08-19T05:30:16.343Z] WARN [sidearm-2025-09-05-Portland-Kansas-City] No stats found (attempt 3)
[2026-08-19T05:30:16.375Z] Batch 2 complete. Memory cleared.
[2026-08-19T05:30:16.377Z] Starting Batch 3 (120 games)...
[2026-08-19T05:30:27.887Z] OK [sidearm-2025-09-10-NC-State-Stetson] Parsed 65 stats (attempt 1)
[2026-08-19T05:30:28.065Z] OK [sidearm-2025-09-10-Evansville-Xavier] Parsed 75 stats (attempt 1)
[2026-08-19T05:30:28.068Z] OK [sidearm-2025-09-10-Creighton-Omaha] Parsed 58 stats (attempt 1)
[2026-08-19T05:30:28.078Z] OK [sidearm-2025-09-10-San-Diego-UC-Santa-Barbara] Parsed 37 stats (attempt 1)
[2026-08-19T05:30:28.089Z] OK [sidearm-2025-09-11-Seton-Hall-Sacred-Heart] Parsed 59 stats (attempt 1)
[2026-08-19T05:30:28.106Z] OK [sidearm-2025-09-10-Boston-College-Dean] Parsed 77 stats (attempt 1)
[2026-08-19T05:30:28.124Z] OK [sidearm-2025-09-10-California-Harvard] Parsed 35 stats (attempt 1)
[2026-08-19T05:30:29.583Z] OK [sidearm-2025-09-10-Brown--UConn] Parsed 55 stats (attempt 1)
[2026-08-19T05:30:30.436Z] OK [wmt-2025-09-12-Notre-Dame-Pittsburgh] Parsed 33 stats from WMT stats feed
[2026-08-19T05:30:30.446Z] OK [wmt-2025-09-11-Jacksonville-UCF] Parsed 35 stats from WMT stats feed
[2026-08-19T05:30:41.945Z] OK [sidearm-2025-09-11-LMU-Cal-State-Fullerton] Parsed 30 stats (attempt 1)
[2026-08-19T05:30:42.157Z] OK [sidearm-2025-09-11-St.-John's-FDU] Parsed 71 stats (attempt 1)
[2026-08-19T05:30:42.159Z] OK [sidearm-2025-09-11-Pacific-Sacramento-State] Parsed 32 stats (attempt 1)
[2026-08-19T05:30:42.169Z] OK [sidearm-2025-09-11-Cal-Poly-San-Francisco] Parsed 61 stats (attempt 1)
[2026-08-19T05:30:42.198Z] OK [sidearm-2025-09-11-Georgia-Southern-Presbyterian] Parsed 64 stats (attempt 1)
[2026-08-19T05:30:44.230Z] OK [sidearm-2025-09-12-North-Carolina-Wake-Forest] Parsed 59 stats (attempt 1)
[2026-08-19T05:30:45.061Z] WARN [wmt-2025-09-12-Penn-State-Rutgers] WMT stats feed returned no players for https://gopsusports.com/boxscore/17897
[2026-08-19T05:30:45.064Z] FALLBACK [wmt-2025-09-12-Penn-State-Rutgers] Primary box score empty, trying https://scarletknights.com/sports/mens-soccer/stats/2025/penn-state/boxscore/15684
[2026-08-19T05:30:45.160Z] OK [wmt-2025-09-12-Maryland-Baltimore-County-Old-Dominion] Parsed 35 stats from WMT stats feed
[2026-08-19T05:30:45.193Z] OK [wmt-2025-09-12-Northwestern-UCLA] Parsed 33 stats from WMT stats feed
[2026-08-19T05:30:50.967Z] OK [sidearm-2025-09-12-Washington-Michigan-State] Parsed 57 stats (attempt 1)
[2026-08-19T05:30:55.202Z] OK [wmt-2025-09-12-Penn-State-Rutgers] Parsed 57 stats (attempt 1)
[2026-08-19T05:30:55.207Z] FALLBACK OK [wmt-2025-09-12-Penn-State-Rutgers] Recovered 57 stats from the alternate source
[2026-08-19T05:30:55.244Z] OK [sidearm-2025-09-12-Longwood-West-Virginia] Parsed 58 stats (attempt 1)
[2026-08-19T05:30:56.094Z] WARN [sidearm-2025-09-12-Portland-Saint-Louis] No stats found (attempt 1)
[2026-08-19T05:30:56.113Z] OK [sidearm-2025-09-12-Coastal-Carolina-North-Florida] Parsed 55 stats (attempt 1)
[2026-08-19T05:31:00.767Z] OK [sidearm-2025-09-12-Wisconsin-Maryland] Parsed 58 stats (attempt 1)
[2026-08-19T05:31:01.667Z] OK [wmt-2025-09-13-Clemson-SMU] Parsed 31 stats from WMT stats feed
[2026-08-19T05:31:01.789Z] OK [wmt-2025-09-13-Stanford-Syracuse] Parsed 33 stats from WMT stats feed
[2026-08-19T05:31:14.580Z] OK [sidearm-2025-09-13-Providence-#17-Bryant] Parsed 59 stats (attempt 1)
[2026-08-19T05:31:14.683Z] OK [sidearm-2025-09-12-San-Diego-State-Oregon-State] Parsed 55 stats (attempt 1)
[2026-08-19T05:31:14.686Z] OK [sidearm-2025-09-13-UConn-Harvard-] Parsed 60 stats (attempt 1)
[2026-08-19T05:31:14.710Z] OK [sidearm-2025-09-13-NC-State-FAU] Parsed 60 stats (attempt 1)
[2026-08-19T05:31:15.503Z] WARN [sidearm-2025-09-13-Georgetown-Rider] No stats found (attempt 1)
[2026-08-19T05:31:19.214Z] OK [sidearm-2025-09-13-Louisville-#24/RV-University-of-Virginia] Parsed 58 stats (attempt 1)
[2026-08-19T05:31:30.714Z] OK [sidearm-2025-09-13-Drake-DePaul] Parsed 58 stats (attempt 1)
[2026-08-19T05:31:30.738Z] OK [sidearm-2025-09-13-Marquette-Lipscomb] Parsed 55 stats (attempt 1)
[2026-08-19T05:31:31.231Z] OK [sidearm-2025-09-13-Creighton-Oral-Roberts] Parsed 59 stats (attempt 1)
[2026-08-19T05:31:31.403Z] OK [sidearm-2025-09-13-Indiana-Michigan] Parsed 60 stats (attempt 1)
[2026-08-19T05:31:31.406Z] OK [sidearm-2025-09-13-Villanova-Princeton-University] Parsed 40 stats (attempt 1)
[2026-08-19T05:31:31.414Z] OK [sidearm-2025-09-13-#5-Vermont-Akron] Parsed 60 stats (attempt 1)
[2026-08-19T05:31:31.427Z] OK [sidearm-2025-09-13-Liberty-James-Madison] Parsed 49 stats (attempt 1)
[2026-08-19T05:31:31.444Z] OK [sidearm-2025-09-13-Butler-Ohio-State] Parsed 40 stats (attempt 1)
[2026-08-19T05:31:32.609Z] OK [wmt-2025-09-13-Seattle-U-UC-Davis] Parsed 37 stats from WMT stats feed
[2026-08-19T05:31:41.980Z] OK [wmtwp-2025-09-13-South-Carolina-UNCG] Parsed 7 stats (attempt 1)
[2026-08-19T05:31:47.794Z] OK [sidearm-2025-09-13-San-Diego-Kansas-City] Parsed 34 stats (attempt 1)
[2026-08-19T05:31:47.797Z] OK [sidearm-2025-09-14-No.-14-Virginia-Tech-Boston-College] Parsed 58 stats (attempt 1)
[2026-08-19T05:31:47.990Z] OK [sidearm-2025-09-14-St.-John's-Sacred-Heart-] Parsed 65 stats (attempt 1)
[2026-08-19T05:31:47.992Z] OK [sidearm-2025-09-14-Xavier-Siena] Parsed 59 stats (attempt 1)
[2026-08-19T05:31:48.002Z] OK [sidearm-2025-09-14-Seton-Hall-FDU] Parsed 65 stats (attempt 1)
[2026-08-19T05:31:48.026Z] OK [sidearm-2025-09-14-California-Duke] Parsed 33 stats (attempt 1)
[2026-08-19T05:31:48.028Z] SKIP [wmtwp-2025-09-14-Bowling-Green-Kentucky] PDF-only box score: https://storage.googleapis.com/ukathletics-com/2025/09/d6f87e54-msoc-box-score-vs.-bowling-green.pdf
[2026-08-19T05:31:48.930Z] OK [wmt-2025-09-15-Northwestern-UC-Riverside] Parsed 39 stats from WMT stats feed
[2026-08-19T05:32:00.094Z] OK [sidearm-2025-09-14-Pacific-CSUN] Parsed 35 stats (attempt 1)
[2026-08-19T05:32:00.220Z] OK [sidearm-2025-09-14-Cal-Poly-Saint-Mary's] Parsed 59 stats (attempt 1)
[2026-08-19T05:32:00.222Z] OK [sidearm-2025-09-14-Santa-Clara-UNLV] Parsed 35 stats (attempt 1)
[2026-08-19T05:32:00.244Z] OK [sidearm-2025-09-14-Marshall-UCSB] Parsed 60 stats (attempt 1)
[2026-08-19T05:32:00.611Z] OK [sidearm-2025-09-15-Pittsburgh-Incarnate-Word] Parsed 54 stats (attempt 1)
[2026-08-19T05:32:00.794Z] OK [sidearm-2025-09-14-Denver-Mercer] Parsed 55 stats (attempt 1)
[2026-08-19T05:32:01.510Z] OK [wmt-2025-09-16-Clemson-Queens] Parsed 34 stats from WMT stats feed
[2026-08-19T05:32:01.886Z] OK [wmt-2025-09-16-Notre-Dame-Omaha] Parsed 34 stats from WMT stats feed
[2026-08-19T05:32:10.947Z] OK [sidearm-2025-09-15-Georgia-State-UAB] Parsed 34 stats (attempt 1)
[2026-08-19T05:32:13.088Z] OK [sidearm-2025-09-15-LMU-Utah-Tech] Parsed 30 stats (attempt 1)
[2026-08-19T05:32:13.206Z] OK [sidearm-2025-09-15-Georgia-Southern-Jacksonville] Parsed 57 stats (attempt 1)
[2026-08-19T05:32:13.208Z] OK [sidearm-2025-09-16-NC-State-William-&-Mary] Parsed 58 stats (attempt 1)
[2026-08-19T05:32:13.236Z] OK [sidearm-2025-09-15-San-Francisco-Sacramento-State] Parsed 58 stats (attempt 1)
[2026-08-19T05:32:15.439Z] OK [sidearm-2025-09-16-North-Carolina-Memphis] Parsed 57 stats (attempt 1)
[2026-08-19T05:32:16.777Z] OK [wmt-2025-09-17-San-Jose-State-Stanford] Parsed 33 stats from WMT stats feed
[2026-08-19T05:32:25.219Z] OK [wmtwp-2025-09-16-North-Florida-South-Carolina] Parsed 8 stats (attempt 1)
[2026-08-19T05:32:25.526Z] OK [sidearm-2025-09-16-Washington-Gonzaga] Parsed 57 stats (attempt 1)
[2026-08-19T05:32:27.421Z] OK [sidearm-2025-09-18-LMU-CSUN] Parsed 30 stats (attempt 1)
[2026-08-19T05:32:27.832Z] OK [sidearm-2025-09-17-San-Diego-UC-Irvine] Parsed 33 stats (attempt 1)
[2026-08-19T05:32:27.835Z] OK [sidearm-2025-09-18-Pacific-UC-Davis] Parsed 36 stats (attempt 1)
[2026-08-19T05:32:27.858Z] OK [sidearm-2025-09-17-Santa-Clara-CSU-Bakersfield] Parsed 35 stats (attempt 1)
[2026-08-19T05:32:30.700Z] OK [sidearm-2025-09-16-Wake-Forest-UNCW] Parsed 58 stats (attempt 1)
[2026-08-19T05:32:31.603Z] OK [wmt-2025-09-18-California-State-Fullerton-Seattle-U] Parsed 39 stats from WMT stats feed
[2026-08-19T05:32:31.627Z] OK [wmt-2025-09-19-Virginia-Wake-Forest] Parsed 46 stats from WMT stats feed
[2026-08-19T05:32:43.534Z] OK [sidearm-2025-09-19-Duke-Syracuse] Parsed 55 stats (attempt 1)
[2026-08-19T05:32:43.537Z] OK [sidearm-2025-09-19-Boston-College-No.-2-NC-State] Parsed 61 stats (attempt 1)
[2026-08-19T05:32:43.546Z] OK [sidearm-2025-09-19-Maryland-Pittsburgh] Parsed 56 stats (attempt 1)
[2026-08-19T05:32:43.583Z] OK [sidearm-2025-09-19-California-Clemson] Parsed 37 stats (attempt 1)
[2026-08-19T05:32:44.242Z] WARN [sidearm-2025-09-19-Georgetown-Butler] No stats found (attempt 1)
[2026-08-19T05:32:44.244Z] FALLBACK [sidearm-2025-09-19-Georgetown-Butler] Primary box score empty, trying https://butlersports.com/sports/mens-soccer/stats/2025/georgetown/boxscore/15106
[2026-08-19T05:32:48.538Z] OK [sidearm-2025-09-19-University-of-Notre-Dame-Louisville] Parsed 55 stats (attempt 1)
[2026-08-19T05:32:53.754Z] OK [sidearm-2025-09-19-Georgetown-Butler] Parsed 45 stats (attempt 1)
[2026-08-19T05:32:53.757Z] FALLBACK OK [sidearm-2025-09-19-Georgetown-Butler] Recovered 45 stats from the alternate source
[2026-08-19T05:32:54.759Z] OK [wmt-2025-09-19-Northwestern-Rutgers] Parsed 35 stats from WMT stats feed
[2026-08-19T05:33:01.496Z] OK [sidearm-2025-09-19-Michigan-State-Ohio-State] Parsed 55 stats (attempt 1)
[2026-08-19T05:33:09.971Z] OK [sidearm-2025-09-19-Seton-Hall-Providence] Parsed 54 stats (attempt 1)
[2026-08-19T05:33:10.259Z] OK [sidearm-2025-09-19-St.-John's-Xavier-] Parsed 67 stats (attempt 1)
[2026-08-19T05:33:10.262Z] OK [sidearm-2025-09-19-Creighton-Marquette] Parsed 59 stats (attempt 1)
[2026-08-19T05:33:10.279Z] OK [sidearm-2025-09-19-Penn-State-Indiana] Parsed 55 stats (attempt 1)
[2026-08-19T05:33:10.304Z] OK [sidearm-2025-09-19-Villanova-DePaul-University] Parsed 37 stats (attempt 1)
[2026-08-19T05:33:11.054Z] OK [sidearm-2025-09-19-#19-Akron-UConn] Parsed 58 stats (attempt 1)
[2026-08-19T05:33:12.384Z] OK [wmtwp-2025-09-19-Kentucky-UCF] Parsed 35 stats from WMT stats feed
[2026-08-19T05:33:12.448Z] OK [wmt-2025-09-19-UCLA-Wisconsin] Parsed 35 stats from WMT stats feed
[2026-08-19T05:33:20.396Z] OK [sidearm-2025-09-19-Georgia-State-South-Carolina] Parsed 35 stats (attempt 1)
[2026-08-19T05:33:22.644Z] OK [sidearm-2025-09-19-Sacramento-State-Saint-Mary's] Parsed 57 stats (attempt 1)
[2026-08-19T05:33:22.781Z] OK [sidearm-2025-09-19-Old-Dominion-Georgia-Southern] Parsed 57 stats (attempt 1)
[2026-08-19T05:33:22.784Z] OK [sidearm-2025-09-19-#13-West-Virginia-James-Madison] Parsed 55 stats (attempt 1)
[2026-08-19T05:33:22.794Z] OK [sidearm-2025-09-19-No.-6-Marshall-Coastal-Carolina] Parsed 50 stats (attempt 1)
[2026-08-19T05:33:22.822Z] OK [sidearm-2025-09-19-(4)-Portland-Denver] Parsed 61 stats (attempt 1)
[2026-08-19T05:33:24.042Z] OK [wmt-2025-09-21-Stanford-Virginia-Tech] Parsed 33 stats from WMT stats feed
[2026-08-19T05:33:36.927Z] OK [sidearm-2025-09-21-Pacific-San-Jose-State] Parsed 32 stats (attempt 1)
[2026-08-19T05:33:36.930Z] OK [sidearm-2025-09-21-San-Diego-UC-San-Diego] Parsed 36 stats (attempt 1)
[2026-08-19T05:33:36.951Z] OK [sidearm-2025-09-20-Santa-Clara-Utah-Valley] Parsed 35 stats (attempt 1)
[2026-08-19T05:33:36.973Z] OK [sidearm-2025-09-20-Washington-Michigan] Parsed 60 stats (attempt 1)
[2026-08-19T05:33:37.491Z] OK [sidearm-2025-09-22-Wake-Forest-Liberty] Parsed 51 stats (attempt 1)
[2026-08-19T05:33:37.508Z] OK [sidearm-2025-09-22-Pittsburgh-Mercyhurst] Parsed 84 stats (attempt 1)
[2026-08-19T05:33:40.500Z] OK [sidearm-2025-09-20-SMU-North-Carolina] Parsed 32 stats (attempt 1)
[2026-08-19T05:33:41.540Z] WARN [wmt-2025-09-23-Notre-Dame-Wright-State] WMT stats feed returned no players for https://fightingirish.com/boxscore/1045
[2026-08-19T05:33:54.154Z] OK [sidearm-2025-09-22-LMU-UC-Riverside] Parsed 30 stats (attempt 1)
[2026-08-19T05:33:54.634Z] OK [sidearm-2025-09-23-Boston-College-Boston-University] Parsed 59 stats (attempt 1)
[2026-08-19T05:33:54.647Z] OK [sidearm-2025-09-23-Syracuse-Colgate-] Parsed 54 stats (attempt 1)
[2026-08-19T05:33:54.793Z] OK [sidearm-2025-09-23-California-UNC-Asheville] Parsed 36 stats (attempt 1)
[2026-08-19T05:33:54.927Z] OK [sidearm-2025-09-23-Duke-Howard] Parsed 58 stats (attempt 1)
[2026-08-19T05:33:54.948Z] OK [sidearm-2025-09-22-Seattle-Denver] Parsed 58 stats (attempt 1)
[2026-08-19T05:34:00.385Z] OK [sidearm-2025-09-23-Louisville-#18-University-of-Kentucky] Parsed 54 stats (attempt 1)
[2026-08-19T05:34:00.388Z] SKIP [wmt-2025-09-23-Dayton-Virginia] PDF-only box score: https://static.virginiasports.com/custompages/sports/m-soccer/stats/2025-2026/VA092325.PDF
[2026-08-19T05:34:12.741Z] OK [sidearm-2025-09-23-Brown-Providence] Parsed 53 stats (attempt 1)
[2026-08-19T05:34:12.934Z] OK [sidearm-2025-09-23-Villanova-University-of-Pennsylvania] Parsed 40 stats (attempt 1)
[2026-08-19T05:34:12.936Z] OK [sidearm-2025-09-23-Seton-Hall-Princeton] Parsed 59 stats (attempt 1)
[2026-08-19T05:34:12.950Z] OK [sidearm-2025-09-23-Akron-#8-Saint-Louis] Parsed 60 stats (attempt 1)
[2026-08-19T05:34:12.974Z] OK [sidearm-2025-09-23-Butler-Evansville] Parsed 37 stats (attempt 1)
[2026-08-19T05:34:13.995Z] WARN [sidearm-2025-09-23-Georgetown-George-Mason] No stats found (attempt 1)
[2026-08-19T05:34:15.265Z] OK [sidearm-2025-09-23-UConn-#6-Bryant-] Parsed 61 stats (attempt 1)
[2026-08-19T05:34:15.268Z] Retrying 6 games with longer waits...
[2026-08-19T05:34:15.281Z] SKIP [wmtwp-2025-09-14-Bowling-Green-Kentucky] PDF-only box score: https://storage.googleapis.com/ukathletics-com/2025/09/d6f87e54-msoc-box-score-vs.-bowling-green.pdf
[2026-08-19T05:34:15.295Z] SKIP [wmt-2025-09-23-Dayton-Virginia] PDF-only box score: https://static.virginiasports.com/custompages/sports/m-soccer/stats/2025-2026/VA092325.PDF
[2026-08-19T05:34:16.399Z] WARN [wmt-2025-09-23-Notre-Dame-Wright-State] WMT stats feed returned no players for https://fightingirish.com/boxscore/1045
[2026-08-19T05:34:28.756Z] WARN [sidearm-2025-09-12-Portland-Saint-Louis] No stats found (attempt 2)
[2026-08-19T05:34:28.758Z] WARN [sidearm-2025-09-13-Georgetown-Rider] No stats found (attempt 2)
[2026-08-19T05:34:28.786Z] WARN [sidearm-2025-09-23-Georgetown-George-Mason] No stats found (attempt 2)
[2026-08-19T05:34:28.789Z] Retrying 6 games with extra-long waits...
[2026-08-19T05:34:28.801Z] SKIP [wmtwp-2025-09-14-Bowling-Green-Kentucky] PDF-only box score: https://storage.googleapis.com/ukathletics-com/2025/09/d6f87e54-msoc-box-score-vs.-bowling-green.pdf
[2026-08-19T05:34:28.816Z] SKIP [wmt-2025-09-23-Dayton-Virginia] PDF-only box score: https://static.virginiasports.com/custompages/sports/m-soccer/stats/2025-2026/VA092325.PDF
[2026-08-19T05:34:29.127Z] WARN [wmt-2025-09-23-Notre-Dame-Wright-State] WMT stats feed returned no players for https://fightingirish.com/boxscore/1045
[2026-08-19T05:34:41.895Z] WARN [sidearm-2025-09-12-Portland-Saint-Louis] No stats found (attempt 3)
[2026-08-19T05:34:41.896Z] WARN [sidearm-2025-09-13-Georgetown-Rider] No stats found (attempt 3)
[2026-08-19T05:34:41.916Z] WARN [sidearm-2025-09-23-Georgetown-George-Mason] No stats found (attempt 3)
[2026-08-19T05:34:41.953Z] Batch 3 complete. Memory cleared.
[2026-08-19T05:34:41.955Z] Starting Batch 4 (120 games)...
[2026-08-19T05:34:53.917Z] OK [sidearm-2025-09-23-Georgia-State-Wofford] Parsed 35 stats (attempt 1)
[2026-08-19T05:34:55.969Z] OK [sidearm-2025-09-23-Michigan-State-Indiana] Parsed 57 stats (attempt 1)
[2026-08-19T05:34:56.292Z] OK [sidearm-2025-09-23-DePaul-Bowling-Green] Parsed 54 stats (attempt 1)
[2026-08-19T05:34:56.296Z] OK [sidearm-2025-09-23-College-of-Charleston-Georgia-Southern] Parsed 58 stats (attempt 1)
[2026-08-19T05:34:56.335Z] OK [sidearm-2025-09-23-Milwaukee-Marquette] Parsed 57 stats (attempt 1)
[2026-08-19T05:34:56.352Z] OK [sidearm-2025-09-23-Rutgers-FDU] Parsed 68 stats (attempt 1)
[2026-08-19T05:34:57.203Z] OK [sidearm-2025-09-23-Northern-Kentucky-Xavier] Parsed 61 stats (attempt 1)
[2026-08-19T05:35:01.012Z] OK [sidearm-2025-09-23-Penn-State-Maryland] Parsed 56 stats (attempt 1)
[2026-08-19T05:35:02.035Z] OK [wmt-2025-09-24-Oregon-State-Stanford] Parsed 34 stats from WMT stats feed
[2026-08-19T05:35:02.056Z] OK [wmt-2025-09-23-Old-Dominion-William-&-Mary] Parsed 38 stats from WMT stats feed
[2026-08-19T05:35:02.540Z] OK [wmt-2025-09-26-Clemson-Wake-Forest] Parsed 36 stats from WMT stats feed
[2026-08-19T05:35:06.045Z] OK [wmtwp-2025-09-23-Queens-University-Charlotte-South-Carolina] Parsed 8 stats (attempt 1)
[2026-08-19T05:35:14.614Z] OK [sidearm-2025-09-24-VCU-Marshall] Parsed 54 stats (attempt 1)
[2026-08-19T05:35:14.623Z] OK [sidearm-2025-09-23-James-Madison-Iona] Parsed 58 stats (attempt 1)
[2026-08-19T05:35:14.642Z] OK [sidearm-2025-09-23-West-Virginia-#9-High-Point] Parsed 59 stats (attempt 1)
[2026-08-19T05:35:15.373Z] OK [sidearm-2025-09-26-Duke-Louisville] Parsed 58 stats (attempt 1)
[2026-08-19T05:35:18.691Z] OK [wmt-2025-09-27-Notre-Dame-SMU] Parsed 33 stats from WMT stats feed
[2026-08-19T05:35:31.155Z] OK [sidearm-2025-09-26-Pittsburgh-NC-State] Parsed 56 stats (attempt 1)
[2026-08-19T05:35:31.516Z] OK [sidearm-2025-09-26-Indiana-UCLA] Parsed 58 stats (attempt 1)
[2026-08-19T05:35:31.519Z] OK [sidearm-2025-09-26-Wisconsin-Washington] Parsed 57 stats (attempt 1)
[2026-08-19T05:35:31.528Z] OK [sidearm-2025-09-26-Michigan-Michigan-State] Parsed 59 stats (attempt 1)
[2026-08-19T05:35:31.554Z] OK [sidearm-2025-09-27-California-Syracuse] Parsed 37 stats (attempt 1)
[2026-08-19T05:35:32.649Z] OK [sidearm-2025-09-26-Rutgers-University-Ohio-State] Parsed 58 stats (attempt 1)
[2026-08-19T05:35:37.693Z] OK [sidearm-2025-09-26-Maryland-Northwestern] Parsed 60 stats (attempt 1)
[2026-08-19T05:35:52.220Z] OK [sidearm-2025-09-27-Denver-Kansas-City] Parsed 59 stats (attempt 1)
[2026-08-19T05:35:52.708Z] OK [sidearm-2025-09-27-Xavier-Providence] Parsed 59 stats (attempt 1)
[2026-08-19T05:35:53.269Z] OK [sidearm-2025-09-27-DePaul-Creighton] Parsed 57 stats (attempt 1)
[2026-08-19T05:35:53.271Z] OK [sidearm-2025-09-27-Butler-Akron] Parsed 58 stats (attempt 1)
[2026-08-19T05:35:53.283Z] OK [sidearm-2025-09-27-Marquette-Seton-Hall] Parsed 57 stats (attempt 1)
[2026-08-19T05:35:53.306Z] OK [sidearm-2025-09-27-UConn-Villanova-] Parsed 54 stats (attempt 1)
[2026-08-19T05:35:54.310Z] WARN [sidearm-2025-09-27-Georgetown-St.-John's] No stats found (attempt 1)
[2026-08-19T05:35:54.313Z] FALLBACK [sidearm-2025-09-27-Georgetown-St.-John's] Primary box score empty, trying https://redstormsports.com/sports/mens-soccer/stats/2025/georgetown/boxscore/14886
[2026-08-19T05:35:55.328Z] OK [sidearm-2025-09-27-Virginia-North-Carolina] Parsed 60 stats (attempt 1)
[2026-08-19T05:36:03.672Z] OK [sidearm-2025-09-27-Georgetown-St.-John's] Parsed 63 stats (attempt 1)
[2026-08-19T05:36:03.675Z] FALLBACK OK [sidearm-2025-09-27-Georgetown-St.-John's] Recovered 63 stats from the alternate source
[2026-08-19T05:36:17.583Z] OK [sidearm-2025-09-27-LMU-University-of-the-Pacific] Parsed 30 stats (attempt 1)
[2026-08-19T05:36:18.284Z] OK [sidearm-2025-09-27-San-Diego-Santa-Clara] Parsed 32 stats (attempt 1)
[2026-08-19T05:36:18.287Z] OK [sidearm-2025-09-28-#6-Stanford-Boston-College] Parsed 58 stats (attempt 1)
[2026-08-19T05:36:18.297Z] OK [sidearm-2025-09-28-Georgia-Southern-#4-Marshall] Parsed 58 stats (attempt 1)
[2026-08-19T05:36:18.308Z] OK [sidearm-2025-09-27-San-Francisco-Oregon-State] Parsed 58 stats (attempt 1)
[2026-08-19T05:36:18.333Z] OK [sidearm-2025-09-27-Saint-Mary's-Seattle-University] Parsed 57 stats (attempt 1)
[2026-08-19T05:36:18.874Z] WARN [sidearm-2025-09-27-Portland-Gonzaga] No stats found (attempt 1)
[2026-08-19T05:36:19.441Z] OK [sidearm-2025-09-28-Coastal-Carolina-No.-18-Kentucky] Parsed 48 stats (attempt 1)
[2026-08-19T05:36:20.364Z] OK [wmt-2025-09-29-ETSU-Virginia-Tech] Parsed 34 stats from WMT stats feed
[2026-08-19T05:36:20.385Z] OK [wmt-2025-09-30-Hope-Notre-Dame] Parsed 38 stats from WMT stats feed
[2026-08-19T05:36:20.399Z] OK [wmt-2025-09-28-UCF-West-Virginia] Parsed 34 stats from WMT stats feed
[2026-08-19T05:36:20.701Z] OK [wmt-2025-09-29-Northwestern-Washington] Parsed 33 stats from WMT stats feed
[2026-08-19T05:36:28.582Z] OK [sidearm-2025-09-28-Georgia-State-Old-Dominion] Parsed 34 stats (attempt 1)
[2026-08-19T05:36:28.648Z] OK [sidearm-2025-09-28-James-Madison-South-Carolina] Parsed 55 stats (attempt 1)
[2026-08-19T05:36:29.260Z] OK [sidearm-2025-09-30-Duke-Averett] Parsed 51 stats (attempt 1)
[2026-08-19T05:36:30.186Z] OK [sidearm-2025-09-29-Ohio-State-UCLA] Parsed 55 stats (attempt 1)
[2026-08-19T05:36:31.453Z] OK [wmt-2025-09-30-Penn-State-Robert-Morris] Parsed 34 stats from WMT stats feed
[2026-08-19T05:36:31.482Z] OK [wmt-2025-10-01-Milwaukee-Virginia] Parsed 34 stats from WMT stats feed
[2026-08-19T05:36:43.163Z] OK [sidearm-2025-10-03-Syracuse-Boston-College] Parsed 56 stats (attempt 1)
[2026-08-19T05:36:43.738Z] OK [sidearm-2025-10-01-UNCW-NC-State] Parsed 59 stats (attempt 1)
[2026-08-19T05:36:43.742Z] OK [sidearm-2025-09-30-Rutgers-Monmouth] Parsed 58 stats (attempt 1)
[2026-08-19T05:36:43.758Z] OK [sidearm-2025-10-03-California-Southern-Methodist-University] Parsed 42 stats (attempt 1)
[2026-08-19T05:36:43.776Z] OK [sidearm-2025-10-01-Michigan-Chicago-State] Parsed 60 stats (attempt 1)
[2026-08-19T05:36:44.477Z] WARN [sidearm-2025-09-30-Portland-Florida-International] No stats found (attempt 1)
[2026-08-19T05:36:45.627Z] OK [wmt-2025-10-03-Notre-Dame-Virginia-Tech] Parsed 33 stats from WMT stats feed
[2026-08-19T05:36:49.490Z] OK [sidearm-2025-10-03-Butler-DePaul] Parsed 39 stats (attempt 1)
[2026-08-19T05:36:57.476Z] OK [sidearm-2025-10-03-No.-19-Akron-St.-John's] Parsed 64 stats (attempt 1)
[2026-08-19T05:36:57.480Z] OK [sidearm-2025-10-03-Duke-Pitt] Parsed 56 stats (attempt 1)
[2026-08-19T05:36:57.501Z] OK [sidearm-2025-10-03-Providence-Villanova] Parsed 52 stats (attempt 1)
[2026-08-19T05:36:57.532Z] OK [sidearm-2025-10-03-UConn-Creighton-] Parsed 58 stats (attempt 1)
[2026-08-19T05:36:56.593Z] WARN [sidearm-2025-10-03-Georgetown-Seton-Hall] No stats found (attempt 1)
[2026-08-19T05:36:56.595Z] FALLBACK [sidearm-2025-10-03-Georgetown-Seton-Hall] Primary box score empty, trying https://shupirates.com/sports/mens-soccer/stats/2025/georgetown/boxscore/10857
[2026-08-19T05:37:00.315Z] OK [sidearm-2025-10-03-Louisville-University-of-North-Carolina] Parsed 58 stats (attempt 1)
[2026-08-19T05:37:06.803Z] OK [sidearm-2025-10-03-Georgetown-Seton-Hall] Parsed 56 stats (attempt 1)
[2026-08-19T05:37:06.806Z] FALLBACK OK [sidearm-2025-10-03-Georgetown-Seton-Hall] Recovered 56 stats from the alternate source
[2026-08-19T05:37:07.561Z] OK [wmt-2025-10-04-Clemson-Elon] Parsed 31 stats from WMT stats feed
[2026-08-19T05:37:07.640Z] OK [wmt-2025-10-04-Stanford-Wake-Forest] Parsed 32 stats from WMT stats feed
[2026-08-19T05:37:13.023Z] OK [sidearm-2025-10-03-Michigan-State-Penn-State-] Parsed 54 stats (attempt 1)
[2026-08-19T05:37:19.686Z] OK [sidearm-2025-10-03-Old-Dominion-Coastal-Carolina] Parsed 49 stats (attempt 1)
[2026-08-19T05:37:20.835Z] OK [sidearm-2025-10-03-Washington-Indiana] Parsed 58 stats (attempt 1)
[2026-08-19T05:37:20.862Z] OK [sidearm-2025-10-03-Marquette-Xavier] Parsed 62 stats (attempt 1)
[2026-08-19T05:37:21.284Z] OK [sidearm-2025-10-03-Ohio-State-University-of-Wisconsin] Parsed 55 stats (attempt 1)
[2026-08-19T05:37:24.667Z] OK [sidearm-2025-10-03-UCLA-Maryland] Parsed 58 stats (attempt 1)
[2026-08-19T05:37:31.847Z] OK [wmtwp-2025-10-04-South-Carolina-UCF] Parsed 4 stats (attempt 1)
[2026-08-19T05:37:34.771Z] OK [sidearm-2025-10-04-Georgia-State-Marshall] Parsed 33 stats (attempt 1)
[2026-08-19T05:37:36.712Z] OK [sidearm-2025-10-04-LMU-University-of-Portland] Parsed 30 stats (attempt 1)
[2026-08-19T05:37:37.252Z] OK [sidearm-2025-10-04-#19-Oregon-State-Saint-Mary's] Parsed 56 stats (attempt 1)
[2026-08-19T05:37:37.257Z] OK [sidearm-2025-10-04-#8-West-Virginia-Georgia-Southern] Parsed 58 stats (attempt 1)
[2026-08-19T05:37:37.271Z] OK [sidearm-2025-10-04-Pacific-Seattle] Parsed 41 stats (attempt 1)
[2026-08-19T05:37:37.312Z] OK [sidearm-2025-10-04-#24-Kentucky-James-Madison] Parsed 53 stats (attempt 1)
[2026-08-19T05:37:38.123Z] OK [sidearm-2025-10-04-UMass-Denver] Parsed 55 stats (attempt 1)
[2026-08-19T05:37:39.388Z] OK [wmt-2025-10-07-Green-Bay-Notre-Dame] Parsed 38 stats from WMT stats feed
[2026-08-19T05:37:39.395Z] OK [wmt-2025-10-05-King's-College-Penn-State] Parsed 51 stats from WMT stats feed
[2026-08-19T05:37:49.907Z] OK [sidearm-2025-10-05-NC-State-#16-Virginia] Parsed 60 stats (attempt 1)
[2026-08-19T05:37:50.131Z] OK [sidearm-2025-10-04-San-Diego-San-Francisco] Parsed 41 stats (attempt 1)
[2026-08-19T05:37:50.135Z] OK [sidearm-2025-10-04-Santa-Clara-Gonzaga] Parsed 35 stats (attempt 1)
[2026-08-19T05:37:50.177Z] OK [sidearm-2025-10-05-Michigan-Rutgers] Parsed 62 stats (attempt 1)
[2026-08-19T05:37:50.392Z] OK [sidearm-2025-10-07-Duke-Elon] Parsed 60 stats (attempt 1)
[2026-08-19T05:37:52.832Z] OK [sidearm-2025-10-07-Louisville-Belmont-University] Parsed 55 stats (attempt 1)
[2026-08-19T05:37:54.038Z] OK [wmt-2025-10-07-Longwood-Virginia-Tech] Parsed 39 stats from WMT stats feed
[2026-08-19T05:38:08.374Z] OK [sidearm-2025-10-07-Seton-Hall-FIU] Parsed 55 stats (attempt 1)
[2026-08-19T05:38:08.379Z] OK [sidearm-2025-10-07-No.-13-Cornell-Akron] Parsed 62 stats (attempt 1)
[2026-08-19T05:38:08.394Z] OK [sidearm-2025-10-07-Villanova-New-Jersey-Institute-of-Technology] Parsed 34 stats (attempt 1)
[2026-08-19T05:38:08.434Z] OK [sidearm-2025-10-07-Butler-Oakland] Parsed 35 stats (attempt 1)
[2026-08-19T05:38:09.249Z] WARN [sidearm-2025-10-07-Georgetown-Denver] No stats found (attempt 1)
[2026-08-19T05:38:09.254Z] FALLBACK [sidearm-2025-10-07-Georgetown-Denver] Primary box score empty, trying https://denverpioneers.com/sports/mens-soccer/stats/2025/georgetown/boxscore/15576
[2026-08-19T05:38:09.980Z] OK [sidearm-2025-10-07-Bradley-DePaul] Parsed 55 stats (attempt 1)
[2026-08-19T05:38:10.355Z] OK [sidearm-2025-10-07-Lipscomb-North-Carolina] Parsed 56 stats (attempt 1)
[2026-08-19T05:38:20.811Z] OK [sidearm-2025-10-07-Georgetown-Denver] Parsed 57 stats (attempt 1)
[2026-08-19T05:38:20.813Z] FALLBACK OK [sidearm-2025-10-07-Georgetown-Denver] Recovered 57 stats from the alternate source
[2026-08-19T05:38:21.655Z] WARN [wmt-2025-10-10-Notre-Dame-Virginia] WMT stats feed returned no players for https://fightingirish.com/boxscore/1028
[2026-08-19T05:38:21.657Z] FALLBACK [wmt-2025-10-10-Notre-Dame-Virginia] Primary box score empty, trying https://virginiasports.com/boxscore/324
[2026-08-19T05:38:21.677Z] OK [wmt-2025-10-07-Evansville-Northwestern] Parsed 35 stats from WMT stats feed
[2026-08-19T05:38:21.754Z] OK [wmt-2025-10-10-Clemson-NC-State] Parsed 31 stats from WMT stats feed
[2026-08-19T05:38:22.310Z] WARN [wmt-2025-10-10-Notre-Dame-Virginia] WMT stats feed returned no players for https://virginiasports.com/boxscore/324
[2026-08-19T05:38:31.240Z] OK [sidearm-2025-10-10-Boston-College-No.-7-Duke] Parsed 61 stats (attempt 1)
[2026-08-19T05:38:31.242Z] OK [sidearm-2025-10-07-Wright-State-Xavier] Parsed 61 stats (attempt 1)
[2026-08-19T05:38:31.267Z] OK [sidearm-2025-10-07-Wisconsin-Milwaukee] Parsed 56 stats (attempt 1)
[2026-08-19T05:38:32.195Z] OK [sidearm-2025-10-07-Marquette-UIC] Parsed 57 stats (attempt 1)
[2026-08-19T05:38:33.269Z] OK [sidearm-2025-10-08-Missouri-State-Creighton] Parsed 57 stats (attempt 1)
[2026-08-19T05:38:34.182Z] OK [wmt-2025-10-10-Penn-State-UCLA] Parsed 30 stats from WMT stats feed
[2026-08-19T05:38:44.152Z] OK [sidearm-2025-10-10-Georgia-State-James-Madison] Parsed 31 stats (attempt 1)
[2026-08-19T05:38:46.396Z] OK [sidearm-2025-10-10-Indiana-Ohio-State] Parsed 56 stats (attempt 1)
[2026-08-19T05:38:46.511Z] OK [sidearm-2025-10-10-UCF-Georgia-Southern] Parsed 59 stats (attempt 1)
[2026-08-19T05:38:46.520Z] OK [sidearm-2025-10-10-Rutgers-Wisconsin] Parsed 59 stats (attempt 1)
[2026-08-19T05:38:46.539Z] OK [wmtwp-2025-10-10-Kentucky-Marshall] Parsed 54 stats (attempt 1)
[2026-08-19T05:38:47.253Z] OK [sidearm-2025-10-10-Coastal-Carolina-No.-4-West-Virginia] Parsed 50 stats (attempt 1)
[2026-08-19T05:38:49.825Z] OK [sidearm-2025-10-10-Maryland-No.-13-Michigan] Parsed 61 stats (attempt 1)
[2026-08-19T05:38:50.852Z] OK [wmt-2025-10-10-Old-Dominion-South-Carolina] Parsed 35 stats from WMT stats feed
[2026-08-19T05:39:02.775Z] OK [sidearm-2025-10-10-LMU-Oregon-State-University] Parsed 30 stats (attempt 1)
[2026-08-19T05:39:03.059Z] OK [sidearm-2025-10-10-San-Francisco-Gonzaga] Parsed 58 stats (attempt 1)
[2026-08-19T05:39:03.063Z] OK [sidearm-2025-10-10-Santa-Clara-Seattle] Parsed 35 stats (attempt 1)
[2026-08-19T05:39:03.089Z] OK [sidearm-2025-10-11-California-Wake-Forest] Parsed 36 stats (attempt 1)
[2026-08-19T05:39:03.207Z] OK [sidearm-2025-10-11-#1-Stanford-Pittsburgh] Parsed 53 stats (attempt 1)
[2026-08-19T05:39:04.054Z] WARN [sidearm-2025-10-10-Portland-San-Diego] No stats found (attempt 1)
[2026-08-19T05:39:04.057Z] FALLBACK [sidearm-2025-10-10-Portland-San-Diego] Primary box score empty, trying https://usdtoreros.com/sports/mens-soccer/stats/2025/-6-portland/boxscore/15038
[2026-08-19T05:39:07.737Z] OK [sidearm-2025-10-11-Virginia-Tech-Louisville] Parsed 55 stats (attempt 1)
[2026-08-19T05:39:14.824Z] OK [sidearm-2025-10-10-Portland-San-Diego] Parsed 34 stats (attempt 1)
[2026-08-19T05:39:14.827Z] FALLBACK OK [sidearm-2025-10-10-Portland-San-Diego] Recovered 34 stats from the alternate source
[2026-08-19T05:39:14.840Z] Retrying 3 games with longer waits...
[2026-08-19T05:39:15.668Z] WARN [wmt-2025-10-10-Notre-Dame-Virginia] WMT stats feed returned no players for https://fightingirish.com/boxscore/1028
[2026-08-19T05:39:15.670Z] FALLBACK [wmt-2025-10-10-Notre-Dame-Virginia] Primary box score empty, trying https://virginiasports.com/boxscore/324
[2026-08-19T05:39:16.014Z] WARN [wmt-2025-10-10-Notre-Dame-Virginia] WMT stats feed returned no players for https://virginiasports.com/boxscore/324
[2026-08-19T05:39:25.601Z] WARN [sidearm-2025-09-30-Portland-Florida-International] No stats found (attempt 2)
[2026-08-19T05:39:25.744Z] WARN [sidearm-2025-09-27-Portland-Gonzaga] No stats found (attempt 2)
[2026-08-19T05:39:25.747Z] Retrying 3 games with extra-long waits...
[2026-08-19T05:39:26.108Z] WARN [wmt-2025-10-10-Notre-Dame-Virginia] WMT stats feed returned no players for https://fightingirish.com/boxscore/1028
[2026-08-19T05:39:26.111Z] FALLBACK [wmt-2025-10-10-Notre-Dame-Virginia] Primary box score empty, trying https://virginiasports.com/boxscore/324
[2026-08-19T05:39:26.873Z] WARN [wmt-2025-10-10-Notre-Dame-Virginia] WMT stats feed returned no players for https://virginiasports.com/boxscore/324
[2026-08-19T05:39:40.316Z] WARN [sidearm-2025-09-27-Portland-Gonzaga] No stats found (attempt 3)
[2026-08-19T05:39:40.466Z] WARN [sidearm-2025-09-30-Portland-Florida-International] No stats found (attempt 3)
[2026-08-19T05:39:40.505Z] Batch 4 complete. Memory cleared.
[2026-08-19T05:39:40.508Z] Starting Batch 5 (120 games)...
[2026-08-19T05:39:51.526Z] OK [sidearm-2025-10-11-St.-John's-Providence] Parsed 60 stats (attempt 1)
[2026-08-19T05:39:51.738Z] OK [sidearm-2025-10-11-Creighton-Xavier] Parsed 63 stats (attempt 1)
[2026-08-19T05:39:51.740Z] OK [sidearm-2025-10-11-Villanova-Seton-Hall] Parsed 54 stats (attempt 1)
[2026-08-19T05:39:51.755Z] OK [sidearm-2025-10-11-Akron-DePaul] Parsed 57 stats (attempt 1)
[2026-08-19T05:39:51.780Z] OK [sidearm-2025-10-11-Butler-Marquette] Parsed 35 stats (attempt 1)
[2026-08-19T05:39:52.716Z] WARN [sidearm-2025-10-11-Georgetown-UConn] No stats found (attempt 1)
[2026-08-19T05:39:52.719Z] FALLBACK [sidearm-2025-10-11-Georgetown-UConn] Primary box score empty, trying https://uconnhuskies.com/sports/mens-soccer/stats/2025/georgetown/boxscore/24945
[2026-08-19T05:39:53.700Z] OK [sidearm-2025-10-11-North-Carolina-St.-Thomas] Parsed 58 stats (attempt 1)
[2026-08-19T05:39:58.481Z] OK [sidearm-2025-10-11-SMU-Syracuse] Parsed 35 stats (attempt 1)
[2026-08-19T05:40:04.369Z] OK [sidearm-2025-10-11-Georgetown-UConn] Parsed 57 stats (attempt 1)
[2026-08-19T05:40:04.372Z] FALLBACK OK [sidearm-2025-10-11-Georgetown-UConn] Recovered 57 stats from the alternate source
[2026-08-19T05:40:05.378Z] OK [wmt-2025-10-14-UNCG-Virginia] Parsed 33 stats from WMT stats feed
[2026-08-19T05:40:10.097Z] OK [sidearm-2025-10-11-Northwestern--Michigan-State] Parsed 57 stats (attempt 1)
[2026-08-19T05:40:15.384Z] OK [sidearm-2025-10-14-Pittsburgh-Denver] Parsed 55 stats (attempt 1)
[2026-08-19T05:40:15.520Z] OK [sidearm-2025-10-14-#25-Kentucky-Indiana] Parsed 55 stats (attempt 1)
[2026-08-19T05:40:15.523Z] OK [sidearm-2025-10-14-Boston-College-AIC] Parsed 83 stats (attempt 1)
[2026-08-19T05:40:15.535Z] OK [sidearm-2025-10-11-Pacific-Saint-Mary's] Parsed 35 stats (attempt 1)
[2026-08-19T05:40:15.576Z] OK [sidearm-2025-10-11-Denver-(rv)-Delaware] Parsed 54 stats (attempt 1)
[2026-08-19T05:40:19.508Z] OK [sidearm-2025-10-14-SMU-Central-Arkansas] Parsed 34 stats (attempt 1)
[2026-08-19T05:40:20.807Z] OK [wmt-2025-10-14-Bradley-UCF] Parsed 41 stats from WMT stats feed
[2026-08-19T05:40:20.933Z] OK [wmt-2025-10-14-Old-Dominion-Regent] Parsed 33 stats from WMT stats feed
[2026-08-19T05:40:30.063Z] OK [sidearm-2025-10-14-Georgia-State-Jacksonville] Parsed 32 stats (attempt 1)
[2026-08-19T05:40:32.254Z] OK [sidearm-2025-10-14-Mercer-Georgia-Southern] Parsed 56 stats (attempt 1)
[2026-08-19T05:40:32.458Z] OK [sidearm-2025-10-14-Ohio-State-Michigan] Parsed 58 stats (attempt 1)
[2026-08-19T05:40:32.460Z] OK [sidearm-2025-10-14-Marshall-Oakland] Parsed 55 stats (attempt 1)
[2026-08-19T05:40:32.486Z] OK [sidearm-2025-10-14-James-Madison-#5-Princeton] Parsed 58 stats (attempt 1)
[2026-08-19T05:40:38.687Z] OK [sidearm-2025-10-14-Maryland-No.-13-Rutgers] Parsed 61 stats (attempt 1)
[2026-08-19T05:40:40.658Z] OK [wmt-2025-10-17-Clemson-Duke] Parsed 32 stats from WMT stats feed
[2026-08-19T05:40:41.031Z] OK [wmt-2025-10-15-Gonzaga-Seattle-U] Parsed 32 stats from WMT stats feed
[2026-08-19T05:40:49.543Z] OK [sidearm-2025-10-15-LMU-University-of-San-Diego] Parsed 30 stats (attempt 1)
[2026-08-19T05:40:49.906Z] OK [sidearm-2025-10-15-Pacific-San-Francisco] Parsed 33 stats (attempt 1)
[2026-08-19T05:40:49.909Z] OK [sidearm-2025-10-15-Saint-Mary's-Santa-Clara] Parsed 58 stats (attempt 1)
[2026-08-19T05:40:49.940Z] OK [sidearm-2025-10-14-West-Virginia-American] Parsed 56 stats (attempt 1)
[2026-08-19T05:40:50.813Z] WARN [sidearm-2025-10-15-Portland-Oregon-State] No stats found (attempt 1)
[2026-08-19T05:40:50.815Z] FALLBACK [sidearm-2025-10-15-Portland-Oregon-State] Primary box score empty, trying https://osubeavers.com/sports/mens-soccer/stats/2025/portland/boxscore/22273
[2026-08-19T05:40:51.940Z] OK [sidearm-2025-10-15-North-Carolina-UAB] Parsed 58 stats (attempt 1)
[2026-08-19T05:41:01.732Z] OK [sidearm-2025-10-15-Portland-Oregon-State] Parsed 60 stats (attempt 1)
[2026-08-19T05:41:01.734Z] FALLBACK OK [sidearm-2025-10-15-Portland-Oregon-State] Recovered 60 stats from the alternate source
[2026-08-19T05:41:13.262Z] OK [sidearm-2025-10-17-Providence-Marquette] Parsed 55 stats (attempt 1)
[2026-08-19T05:41:13.685Z] OK [sidearm-2025-10-17-UConn-St.-John's] Parsed 62 stats (attempt 1)
[2026-08-19T05:41:13.688Z] OK [sidearm-2025-10-17-Notre-Dame-NC-State] Parsed 57 stats (attempt 1)
[2026-08-19T05:41:13.706Z] OK [sidearm-2025-10-17-Seton-Hall-Akron] Parsed 58 stats (attempt 1)
[2026-08-19T05:41:13.717Z] OK [sidearm-2025-10-17-Indiana-Hanover-College] Parsed 73 stats (attempt 1)
[2026-08-19T05:41:13.730Z] OK [sidearm-2025-10-17-Villanova-Creighton-University] Parsed 33 stats (attempt 1)
[2026-08-19T05:41:13.750Z] OK [sidearm-2025-10-17-Butler-Xavier] Parsed 34 stats (attempt 1)
[2026-08-19T05:41:19.590Z] OK [sidearm-2025-10-17-Wake-Forest-University-Louisville] Parsed 57 stats (attempt 1)
[2026-08-19T05:41:20.690Z] OK [wmt-2025-10-17-Northwestern-Penn-State] Parsed 30 stats from WMT stats feed
[2026-08-19T05:41:25.404Z] OK [sidearm-2025-10-17-Wisconsin-Michigan-State] Parsed 56 stats (attempt 1)
[2026-08-19T05:41:32.970Z] OK [sidearm-2025-10-18-Pittsburgh-Syracuse] Parsed 51 stats (attempt 1)
[2026-08-19T05:41:32.972Z] OK [sidearm-2025-10-18-SMU-Boston-College] Parsed 61 stats (attempt 1)
[2026-08-19T05:41:32.987Z] OK [sidearm-2025-10-17-No.-24-Georgia-Southern-Coastal-Carolina] Parsed 52 stats (attempt 1)
[2026-08-19T05:41:32.995Z] OK [sidearm-2025-10-17-Rutgers-#21-Washington] Parsed 60 stats (attempt 1)
[2026-08-19T05:41:33.016Z] OK [sidearm-2025-10-17-Michigan-UCLA] Parsed 59 stats (attempt 1)
[2026-08-19T05:41:33.595Z] WARN [sidearm-2025-10-18-Georgetown-DePaul] No stats found (attempt 1)
[2026-08-19T05:41:33.597Z] FALLBACK [sidearm-2025-10-18-Georgetown-DePaul] Primary box score empty, trying https://depaulbluedemons.com/sports/mens-soccer/stats/2025/no-18-24-georgetown/boxscore/6552
[2026-08-19T05:41:44.630Z] OK [sidearm-2025-10-18-Georgetown-DePaul] Parsed 55 stats (attempt 1)
[2026-08-19T05:41:44.633Z] FALLBACK OK [sidearm-2025-10-18-Georgetown-DePaul] Recovered 55 stats from the alternate source
[2026-08-19T05:41:45.701Z] OK [wmt-2025-10-18-Old-Dominion-UCF] Parsed 31 stats from WMT stats feed
[2026-08-19T05:41:57.521Z] OK [sidearm-2025-10-18-Georgia-State-West-Virginia] Parsed 35 stats (attempt 1)
[2026-08-19T05:41:59.627Z] OK [sidearm-2025-10-18-San-Diego-Seattle-U] Parsed 35 stats (attempt 1)
[2026-08-19T05:41:59.752Z] OK [sidearm-2025-10-18-Pacific-Portland] Parsed 37 stats (attempt 1)
[2026-08-19T05:41:59.755Z] OK [sidearm-2025-10-18-Gonzaga-Oregon-State] Parsed 56 stats (attempt 1)
[2026-08-19T05:41:59.779Z] OK [sidearm-2025-10-18-James-Madison-#12-Marshall] Parsed 55 stats (attempt 1)
[2026-08-19T05:42:01.944Z] OK [sidearm-2025-10-19-North-Carolina-Virginia-Tech] Parsed 57 stats (attempt 1)
[2026-08-19T05:42:05.972Z] OK [sidearm-2025-10-18-Ohio-State-Maryland] Parsed 57 stats (attempt 1)
[2026-08-19T05:42:06.195Z] OK [wmt-2025-10-19-Denver-Virginia] Parsed 32 stats from WMT stats feed
[2026-08-19T05:42:06.278Z] WARN [wmt-2025-10-20-Penn-State-Washington] WMT stats feed returned no players for https://gopsusports.com/boxscore/17905
[2026-08-19T05:42:06.280Z] FALLBACK [wmt-2025-10-20-Penn-State-Washington] Primary box score empty, trying https://gohuskies.com/sports/mens-soccer/stats/2025/penn-state/boxscore/24636
[2026-08-19T05:42:06.323Z] OK [wmt-2025-10-21-Clemson-UNCW] Parsed 40 stats from WMT stats feed
[2026-08-19T05:42:10.807Z] OK [sidearm-2025-10-20-Michigan-State-UCLA] Parsed 56 stats (attempt 1)
[2026-08-19T05:42:15.449Z] OK [wmtwp-2025-10-19-Kentucky-South-Carolina] Parsed 10 stats (attempt 1)
[2026-08-19T05:42:21.222Z] OK [sidearm-2025-10-19-LMU-Saint-Mary's-College] Parsed 32 stats (attempt 1)
[2026-08-19T05:42:21.349Z] OK [sidearm-2025-10-21-Duke-Queens] Parsed 65 stats (attempt 1)
[2026-08-19T05:42:21.356Z] OK [wmt-2025-10-20-Penn-State-Washington] Parsed 55 stats (attempt 1)
[2026-08-19T05:42:21.361Z] FALLBACK OK [wmt-2025-10-20-Penn-State-Washington] Recovered 55 stats from the alternate source
[2026-08-19T05:42:21.382Z] OK [sidearm-2025-10-19-Santa-Clara-San-Francisco] Parsed 60 stats (attempt 1)
[2026-08-19T05:42:22.133Z] WARN [wmt-2025-10-21-NIU-Notre-Dame] WMT stats feed returned no players for https://fightingirish.com/boxscore/1033
[2026-08-19T05:42:33.251Z] OK [sidearm-2025-10-21-Monmouth--St.-John's] Parsed 61 stats (attempt 1)
[2026-08-19T05:42:33.492Z] OK [sidearm-2025-10-21-Cornell--Syracuse] Parsed 57 stats (attempt 1)
[2026-08-19T05:42:33.495Z] OK [sidearm-2025-10-21-Villanova-Virginia-Military-Institute] Parsed 36 stats (attempt 1)
[2026-08-19T05:42:33.513Z] OK [sidearm-2025-10-21-NC-State-#18-UNC-Greensboro] Parsed 57 stats (attempt 1)
[2026-08-19T05:42:33.536Z] OK [sidearm-2025-10-21-Lehigh-Seton-Hall] Parsed 56 stats (attempt 1)
[2026-08-19T05:42:37.332Z] OK [sidearm-2025-10-21-Wake-Forest-Wofford] Parsed 62 stats (attempt 1)
[2026-08-19T05:42:39.662Z] OK [sidearm-2025-10-21-Lipscomb-University-Louisville] Parsed 54 stats (attempt 1)
[2026-08-19T05:42:40.442Z] OK [wmt-2025-10-22-San-Francisco-Stanford] Parsed 33 stats from WMT stats feed
[2026-08-19T05:42:40.565Z] OK [wmt-2025-10-22-Virginia-Tech-Winthrop] Parsed 34 stats from WMT stats feed
[2026-08-19T05:42:52.762Z] OK [sidearm-2025-10-21-Marquette-Edgewood] Parsed 63 stats (attempt 1)
[2026-08-19T05:42:53.058Z] OK [sidearm-2025-10-22-Coastal-Carolina-Georgia-State] Parsed 48 stats (attempt 1)
[2026-08-19T05:42:53.061Z] OK [sidearm-2025-10-21-Indiana-Wisconsin] Parsed 57 stats (attempt 1)
[2026-08-19T05:42:53.073Z] OK [sidearm-2025-10-22-Georgia-Southern-#25-Kentucky] Parsed 56 stats (attempt 1)
[2026-08-19T05:42:53.081Z] OK [sidearm-2025-10-22-UCF-James-Madison] Parsed 56 stats (attempt 1)
[2026-08-19T05:42:53.102Z] OK [sidearm-2025-10-22-California-Radford] Parsed 43 stats (attempt 1)
[2026-08-19T05:42:53.891Z] OK [wmt-2025-10-22-Old-Dominion-West-Virginia] Parsed 35 stats from WMT stats feed
[2026-08-19T05:43:03.635Z] OK [sidearm-2025-10-24-Boston-College-Notre-Dame] Parsed 58 stats (attempt 1)
[2026-08-19T05:43:04.024Z] OK [sidearm-2025-10-24-#4-Maryland-Indiana] Parsed 59 stats (attempt 1)
[2026-08-19T05:43:04.123Z] OK [sidearm-2025-10-22-Marshall-South-Carolina] Parsed 56 stats (attempt 1)
[2026-08-19T05:43:04.126Z] OK [sidearm-2025-10-24-UCLA-Rutgers] Parsed 59 stats (attempt 1)
[2026-08-19T05:43:04.138Z] OK [sidearm-2025-10-24-Michigan-Northwestern] Parsed 60 stats (attempt 1)
[2026-08-19T05:43:04.159Z] OK [sidearm-2025-10-24-Pittsburgh-Wake-Forest] Parsed 55 stats (attempt 1)
[2026-08-19T05:43:05.270Z] OK [sidearm-2025-10-24-University-of-Washington-Ohio-State] Parsed 56 stats (attempt 1)
[2026-08-19T05:43:06.404Z] OK [wmt-2025-10-25-Clemson-Virginia] Parsed 40 stats from WMT stats feed
[2026-08-19T05:43:18.356Z] OK [sidearm-2025-10-25-Providence-Connecticut] Parsed 54 stats (attempt 1)
[2026-08-19T05:43:18.910Z] OK [sidearm-2025-10-25-Xavier-Akron] Parsed 63 stats (attempt 1)
[2026-08-19T05:43:18.912Z] OK [sidearm-2025-10-25-St.-John's-Seton-Hall] Parsed 62 stats (attempt 1)
[2026-08-19T05:43:18.927Z] OK [sidearm-2025-10-25-Butler-Creighton] Parsed 35 stats (attempt 1)
[2026-08-19T05:43:18.943Z] OK [sidearm-2025-10-25-Syracuse-#22-North-Carolina] Parsed 55 stats (attempt 1)
[2026-08-19T05:43:19.622Z] OK [sidearm-2025-10-25-Duke-#3-NC-State] Parsed 60 stats (attempt 1)
[2026-08-19T05:43:19.816Z] WARN [sidearm-2025-10-25-Georgetown-Villanova] No stats found (attempt 1)
[2026-08-19T05:43:19.819Z] FALLBACK [sidearm-2025-10-25-Georgetown-Villanova] Primary box score empty, trying https://villanova.com/sports/mens-soccer/stats/2025/georgetown-university/boxscore/16921
[2026-08-19T05:43:29.154Z] OK [sidearm-2025-10-25-Georgetown-Villanova] Parsed 38 stats (attempt 1)
[2026-08-19T05:43:29.156Z] FALLBACK OK [sidearm-2025-10-25-Georgetown-Villanova] Recovered 38 stats from the alternate source
[2026-08-19T05:43:30.191Z] OK [wmt-2025-10-25-Oregon-State-Seattle-U] Parsed 35 stats from WMT stats feed
[2026-08-19T05:43:30.320Z] OK [wmt-2025-10-25-Penn-State-Wisconsin] Parsed 31 stats from WMT stats feed
[2026-08-19T05:43:42.428Z] OK [sidearm-2025-10-25-Pacific-Gonzaga] Parsed 29 stats (attempt 1)
[2026-08-19T05:43:42.695Z] OK [sidearm-2025-10-25-Saint-Mary's-#12-San-Diego] Parsed 66 stats (attempt 1)
[2026-08-19T05:43:42.710Z] OK [sidearm-2025-10-26-California-Virginia-Tech] Parsed 35 stats (attempt 1)
[2026-08-19T05:43:43.690Z] WARN [sidearm-2025-10-25-Portland-Santa-Clara] No stats found (attempt 1)
[2026-08-19T05:43:43.692Z] FALLBACK [sidearm-2025-10-25-Portland-Santa-Clara] Primary box score empty, trying https://santaclarabroncos.com/sports/mens-soccer/stats/2025/cleveland-state/boxscore/9732
[2026-08-19T05:43:44.992Z] OK [sidearm-2025-10-25-Marquette-DePaul] Parsed 56 stats (attempt 1)
[2026-08-19T05:43:45.021Z] OK [sidearm-2025-10-25-Omaha-Denver] Parsed 57 stats (attempt 1)
[2026-08-19T05:43:54.617Z] OK [sidearm-2025-10-25-Portland-Santa-Clara] Parsed 35 stats (attempt 1)
[2026-08-19T05:43:54.623Z] FALLBACK OK [sidearm-2025-10-25-Portland-Santa-Clara] Recovered 35 stats from the alternate source
[2026-08-19T05:44:04.194Z] OK [sidearm-2025-10-26-Michigan-State-Kansas-City] Parsed 59 stats (attempt 1)
[2026-08-19T05:44:06.177Z] OK [sidearm-2025-10-26-Georgia-State-Central-Florida] Parsed 31 stats (attempt 1)
[2026-08-19T05:44:08.150Z] OK [sidearm-2025-10-26-LMU-University-of-San-Francisco] Parsed 32 stats (attempt 1)
[2026-08-19T05:44:08.494Z] OK [sidearm-2025-10-26-Old-Dominion-Marshall] Parsed 55 stats (attempt 1)
[2026-08-19T05:44:08.497Z] OK [sidearm-2025-10-26-James-Madison-Georgia-Southern] Parsed 57 stats (attempt 1)
[2026-08-19T05:44:08.529Z] OK [wmtwp-2025-10-26-Kentucky-West-Virginia] Parsed 54 stats (attempt 1)
[2026-08-19T05:44:09.267Z] OK [sidearm-2025-10-26-South-Carolina-Coastal-Carolina] Parsed 50 stats (attempt 1)
[2026-08-19T05:44:13.649Z] OK [sidearm-2025-10-26-SMU-Stanford] Parsed 28 stats (attempt 1)
[2026-08-19T05:44:14.473Z] OK [wmt-2025-10-31-Clemson-Virginia-Tech] Parsed 28 stats from WMT stats feed
[2026-08-19T05:44:26.778Z] OK [sidearm-2025-10-31-Boston-College-Saint-Joseph's] Parsed 64 stats (attempt 1)
[2026-08-19T05:44:26.987Z] OK [sidearm-2025-10-31-NC-State-Syracuse] Parsed 55 stats (attempt 1)
[2026-08-19T05:44:26.999Z] OK [sidearm-2025-10-28-Michigan-Detroit-Mercy] Parsed 61 stats (attempt 1)
[2026-08-19T05:44:27.026Z] OK [sidearm-2025-10-31-California-Stanford] Parsed 33 stats (attempt 1)
[2026-08-19T05:44:25.658Z] OK [sidearm-2025-10-31-North-Carolina-Duke] Parsed 60 stats (attempt 1)
[2026-08-19T05:44:30.224Z] OK [sidearm-2025-10-31-Louisville-University-of-Pittsburgh] Parsed 54 stats (attempt 1)
[2026-08-19T05:44:30.240Z] OK [sidearm-2025-10-27-Louisville-University-of-Evansville] Parsed 70 stats (attempt 1)
[2026-08-19T05:44:30.243Z] Retrying 1 games with longer waits...
[2026-08-19T05:44:30.897Z] WARN [wmt-2025-10-21-NIU-Notre-Dame] WMT stats feed returned no players for https://fightingirish.com/boxscore/1033
[2026-08-19T05:44:30.901Z] Retrying 1 games with extra-long waits...
[2026-08-19T05:44:30.974Z] WARN [wmt-2025-10-21-NIU-Notre-Dame] WMT stats feed returned no players for https://fightingirish.com/boxscore/1033
[2026-08-19T05:44:30.993Z] Batch 5 complete. Memory cleared.
[2026-08-19T05:44:30.995Z] Starting Batch 6 (120 games)...
[2026-08-19T05:44:31.491Z] WARN [wmt-2025-10-31-Notre-Dame-Wake-Forest] WMT stats feed returned no players for https://fightingirish.com/boxscore/1030
[2026-08-19T05:44:31.495Z] FALLBACK [wmt-2025-10-31-Notre-Dame-Wake-Forest] Primary box score empty, trying https://godeacs.com/sports/mens-soccer/stats/2025/notre-dame/boxscore/14230
[2026-08-19T05:44:38.635Z] OK [sidearm-2025-10-31-Rutgers--Michigan-State] Parsed 59 stats (attempt 1)
[2026-08-19T05:44:45.081Z] OK [sidearm-2025-10-31-Northwestern-Indiana] Parsed 58 stats (attempt 1)
[2026-08-19T05:44:45.112Z] OK [sidearm-2025-10-31-Michigan-Wisconsin] Parsed 59 stats (attempt 1)
[2026-08-19T05:44:45.909Z] OK [wmt-2025-10-31-Notre-Dame-Wake-Forest] Parsed 56 stats (attempt 1)
[2026-08-19T05:44:45.911Z] FALLBACK OK [wmt-2025-10-31-Notre-Dame-Wake-Forest] Recovered 56 stats from the alternate source
[2026-08-19T05:44:45.939Z] OK [sidearm-2025-10-31-UCF-Coastal-Carolina] Parsed 51 stats (attempt 1)
[2026-08-19T05:44:46.509Z] OK [sidearm-2025-10-31-Ohio-State-Penn-State-University] Parsed 53 stats (attempt 1)
[2026-08-19T05:44:50.484Z] OK [sidearm-2025-10-31-SMU-Virginia] Parsed 31 stats (attempt 1)
[2026-08-19T05:44:50.693Z] OK [sidearm-2025-10-31-Maryland-#14-Washington] Parsed 59 stats (attempt 1)
[2026-08-19T05:45:00.377Z] OK [sidearm-2025-10-31-Georgia-State-Kentucky] Parsed 31 stats (attempt 1)
[2026-08-19T05:45:02.726Z] OK [sidearm-2025-11-01-DePaul-Providence] Parsed 53 stats (attempt 1)
[2026-08-19T05:45:02.841Z] OK [sidearm-2025-10-31-Pacific-San-Diego] Parsed 33 stats (attempt 1)
[2026-08-19T05:45:02.947Z] OK [sidearm-2025-11-01-Creighton-Seton-Hall] Parsed 58 stats (attempt 1)
[2026-08-19T05:45:02.949Z] OK [sidearm-2025-10-31-Georgia-Southern-South-Carolina] Parsed 58 stats (attempt 1)
[2026-08-19T05:45:02.968Z] OK [sidearm-2025-10-31-James-Madison-Old-Dominion-] Parsed 54 stats (attempt 1)
[2026-08-19T05:45:02.986Z] OK [sidearm-2025-10-31-West-Virginia-Marshall] Parsed 56 stats (attempt 1)
[2026-08-19T05:45:03.820Z] WARN [sidearm-2025-11-01-Georgetown-Xavier] No stats found (attempt 1)
[2026-08-19T05:45:03.823Z] FALLBACK [sidearm-2025-11-01-Georgetown-Xavier] Primary box score empty, trying https://goxavier.com/sports/mens-soccer/stats/2025/georgetown/boxscore/12908
[2026-08-19T05:45:15.097Z] OK [sidearm-2025-11-01-Georgetown-Xavier] Parsed 61 stats (attempt 1)
[2026-08-19T05:45:15.099Z] FALLBACK OK [sidearm-2025-11-01-Georgetown-Xavier] Recovered 61 stats from the alternate source
[2026-08-19T05:45:16.009Z] OK [wmt-2025-11-01-LMU-Seattle-U] Parsed 34 stats from WMT stats feed
[2026-08-19T05:45:16.440Z] OK [wmt-2025-11-01-Omaha-UCLA] Parsed 37 stats from WMT stats feed
[2026-08-19T05:45:26.257Z] OK [sidearm-2025-11-01-Denver-Oral-Roberts] Parsed 58 stats (attempt 1)
[2026-08-19T05:45:27.085Z] OK [sidearm-2025-11-01-Villanova-St.-John's] Parsed 60 stats (attempt 1)
[2026-08-19T05:45:27.087Z] OK [sidearm-2025-11-01-Gonzaga-Saint-Mary's] Parsed 57 stats (attempt 1)
[2026-08-19T05:45:27.109Z] OK [sidearm-2025-11-01-Akron-Marquette] Parsed 59 stats (attempt 1)
[2026-08-19T05:45:28.145Z] WARN [sidearm-2025-11-01-Portland-San-Francisco] No stats found (attempt 1)
[2026-08-19T05:45:28.147Z] FALLBACK [sidearm-2025-11-01-Portland-San-Francisco] Primary box score empty, trying https://usfdons.com/sports/mens-soccer/stats/2025/-9-portland/boxscore/8598
[2026-08-19T05:45:28.475Z] OK [sidearm-2025-11-01-UConn-Butler-] Parsed 56 stats (attempt 1)
[2026-08-19T05:45:38.971Z] OK [sidearm-2025-11-01-Portland-San-Francisco] Parsed 62 stats (attempt 1)
[2026-08-19T05:45:38.973Z] FALLBACK OK [sidearm-2025-11-01-Portland-San-Francisco] Recovered 62 stats from the alternate source
[2026-08-19T05:45:40.105Z] OK [wmt-2025-11-04-Northwestern-Wisconsin] Parsed 30 stats from WMT stats feed
[2026-08-19T05:45:40.249Z] OK [wmtwp-2025-11-04-Kentucky-Old-Dominion] Parsed 30 stats from WMT stats feed
[2026-08-19T05:45:49.298Z] OK [wmtwp-2025-11-04-South-Carolina-West-Virginia] Parsed 11 stats (attempt 1)
[2026-08-19T05:45:51.268Z] OK [sidearm-2025-11-02-Santa-Clara-Oregon-State] Parsed 35 stats (attempt 1)
[2026-08-19T05:45:51.367Z] OK [sidearm-2025-11-04-Georgia-State-Georgia-Southern] Parsed 56 stats (attempt 1)
[2026-08-19T05:45:51.375Z] OK [sidearm-2025-11-04-Villanova-Holy-Family-University] Parsed 37 stats (attempt 1)
[2026-08-19T05:45:51.392Z] OK [sidearm-2025-11-04-Marshall-UCF] Parsed 57 stats (attempt 1)
[2026-08-19T05:45:55.380Z] OK [sidearm-2025-11-04-Coastal-Carolina-James-Madison] Parsed 49 stats (attempt 1)
[2026-08-19T05:45:55.771Z] WARN [wmt-2025-11-05-Clemson-Pittsburgh] WMT stats feed returned no players for https://clemsontigers.com/boxscore/48
[2026-08-19T05:45:55.773Z] FALLBACK [wmt-2025-11-05-Clemson-Pittsburgh] Primary box score empty, trying https://pittsburghpanthers.com/sports/mens-soccer/stats/2025/clemson/boxscore/15015
[2026-08-19T05:45:56.328Z] OK [wmt-2025-11-05-North-Carolina-Notre-Dame] Parsed 32 stats from WMT stats feed
[2026-08-19T05:46:09.977Z] OK [sidearm-2025-11-05-Syracuse-Virginia-Tech] Parsed 52 stats (attempt 1)
[2026-08-19T05:46:09.980Z] OK [sidearm-2025-11-05-No.-7-Stanford-Boston-College] Parsed 58 stats (attempt 1)
[2026-08-19T05:46:10.008Z] OK [sidearm-2025-11-05-California-Duke] Parsed 34 stats (attempt 1)
[2026-08-19T05:46:12.525Z] OK [wmt-2025-11-05-Clemson-Pittsburgh] Parsed 55 stats (attempt 1)
[2026-08-19T05:46:12.528Z] FALLBACK OK [wmt-2025-11-05-Clemson-Pittsburgh] Recovered 55 stats from the alternate source
[2026-08-19T05:46:12.696Z] OK [sidearm-2025-11-05-St.-Thomas-Denver] Parsed 57 stats (attempt 1)
[2026-08-19T05:46:17.320Z] OK [sidearm-2025-11-05-SMU-Wake-Forest] Parsed 34 stats (attempt 1)
[2026-08-19T05:46:17.334Z] OK [sidearm-2025-11-05-(3)-NC-State-University-Louisville] Parsed 58 stats (attempt 1)
[2026-08-19T05:46:29.319Z] OK [sidearm-2025-11-07-St.-John's-Butler] Parsed 62 stats (attempt 1)
[2026-08-19T05:46:29.501Z] OK [sidearm-2025-11-07-Villanova-Marquette-University] Parsed 33 stats (attempt 1)
[2026-08-19T05:46:29.504Z] OK [sidearm-2025-11-05-Pacific-Air-Force] Parsed 32 stats (attempt 1)
[2026-08-19T05:46:29.515Z] OK [sidearm-2025-11-06-Wisconsin-Carroll] Parsed 70 stats (attempt 1)
[2026-08-19T05:46:29.528Z] OK [sidearm-2025-11-07-Creighton-Akron] Parsed 60 stats (attempt 1)
[2026-08-19T05:46:29.559Z] OK [sidearm-2025-11-07-Seton-Hall-Connecticut] Parsed 56 stats (attempt 1)
[2026-08-19T05:46:30.036Z] OK [sidearm-2025-11-07-Xavier-DePaul] Parsed 60 stats (attempt 1)
[2026-08-19T05:46:30.492Z] WARN [sidearm-2025-11-07-Georgetown-Providence] No stats found (attempt 1)
[2026-08-19T05:46:30.495Z] FALLBACK [sidearm-2025-11-07-Georgetown-Providence] Primary box score empty, trying https://friars.com/sports/mens-soccer/stats/2025/georgetown/boxscore/12139
[2026-08-19T05:46:41.685Z] OK [sidearm-2025-11-07-Georgetown-Providence] Parsed 54 stats (attempt 1)
[2026-08-19T05:46:41.688Z] FALLBACK OK [sidearm-2025-11-07-Georgetown-Providence] Recovered 54 stats from the alternate source
[2026-08-19T05:46:42.590Z] OK [wmt-2025-11-07-UCLA-Washington] Parsed 34 stats from WMT stats feed
[2026-08-19T05:46:43.264Z] OK [wmt-2025-11-07-Northwestern-Ohio-State] Parsed 30 stats from WMT stats feed
[2026-08-19T05:46:51.913Z] OK [sidearm-2025-11-08-LMU-Santa-Clara-University] Parsed 30 stats (attempt 1)
[2026-08-19T05:46:52.321Z] OK [sidearm-2025-11-08-Pacific-Oregon-State] Parsed 31 stats (attempt 1)
[2026-08-19T05:46:52.328Z] OK [sidearm-2025-11-07-Indiana-Rutgers-] Parsed 60 stats (attempt 1)
[2026-08-19T05:46:52.356Z] OK [sidearm-2025-11-07-Penn-State-Michigan] Parsed 57 stats (attempt 1)
[2026-08-19T05:46:53.198Z] WARN [sidearm-2025-11-08-Portland-Seattle-University] No stats found (attempt 1)
[2026-08-19T05:46:58.218Z] OK [sidearm-2025-11-07-Michigan-State-Maryland] Parsed 58 stats (attempt 1)
[2026-08-19T05:47:12.197Z] OK [sidearm-2025-11-09-NC-State-(6)-Syracuse] Parsed 55 stats (attempt 1)
[2026-08-19T05:47:12.602Z] OK [sidearm-2025-11-08-San-Diego-Gonzaga] Parsed 28 stats (attempt 1)
[2026-08-19T05:47:12.605Z] OK [sidearm-2025-11-09-St.-John's-CCNY] Parsed 64 stats (attempt 1)
[2026-08-19T05:47:12.626Z] OK [sidearm-2025-11-08-RV-San-Francisco-Saint-Mary's] Parsed 58 stats (attempt 1)
[2026-08-19T05:47:12.657Z] OK [sidearm-2025-11-09-California-Pitt] Parsed 31 stats (attempt 1)
[2026-08-19T05:47:14.358Z] OK [sidearm-2025-11-09-No.-18-Kentucky-Coastal-Carolina] Parsed 48 stats (attempt 1)
[2026-08-19T05:47:14.808Z] OK [sidearm-2025-11-09-Virginia-North-Carolina] Parsed 60 stats (attempt 1)
[2026-08-19T05:47:16.772Z] OK [sidearm-2025-11-09-SMU-Stanford] Parsed 27 stats (attempt 1)
[2026-08-19T05:47:17.928Z] OK [wmt-2025-11-09-Old-Dominion-West-Virginia] Parsed 33 stats from WMT stats feed
[2026-08-19T05:47:18.003Z] OK [wmtwp-2025-11-12-Kentucky-UCF] Parsed 29 stats from WMT stats feed
[2026-08-19T05:47:27.373Z] OK [sidearm-2025-11-09-Georgia-State-Marshall] Parsed 33 stats (attempt 1)
[2026-08-19T05:47:29.500Z] OK [sidearm-2025-11-09-#5-Seed-UCF-Georgia-Southern] Parsed 59 stats (attempt 1)
[2026-08-19T05:47:29.520Z] OK [sidearm-2025-11-12-#23-Washington-Michigan] Parsed 60 stats (attempt 1)
[2026-08-19T05:47:29.673Z] OK [sidearm-2025-11-12-#17-#2-Seed-West-Virginia-Marshall] Parsed 56 stats (attempt 1)
[2026-08-19T05:47:30.519Z] OK [sidearm-2025-11-09-Denver-(4-seed)-Oral-Roberts] Parsed 58 stats (attempt 1)
[2026-08-19T05:47:35.157Z] OK [sidearm-2025-11-12-Maryland-#4-seed-UCLA] Parsed 58 stats (attempt 1)
[2026-08-19T05:47:47.158Z] OK [sidearm-2025-11-15-LMU-Gonzaga-University] Parsed 33 stats (attempt 1)
[2026-08-19T05:47:47.162Z] OK [sidearm-2025-11-15-Pacific-Santa-Clara] Parsed 34 stats (attempt 1)
[2026-08-19T05:47:47.180Z] OK [sidearm-2025-11-14-Seattle-U-San-Francisco] Parsed 59 stats (attempt 1)
[2026-08-19T05:47:47.200Z] OK [sidearm-2025-11-13-California-Virginia] Parsed 34 stats (attempt 1)
[2026-08-19T05:47:47.911Z] WARN [sidearm-2025-11-13-Georgetown-Providence] No stats found (attempt 1)
[2026-08-19T05:47:47.914Z] FALLBACK [sidearm-2025-11-13-Georgetown-Providence] Primary box score empty, trying https://friars.com/sports/mens-soccer/stats/2025/georgetown-university/boxscore/12140
[2026-08-19T05:47:49.215Z] OK [sidearm-2025-11-15-Denver-(21/2-seed)-Kansas-City] Parsed 59 stats (attempt 1)
[2026-08-19T05:47:49.234Z] OK [sidearm-2025-11-13-#2-Akron-UConn] Parsed 58 stats (attempt 1)
[2026-08-19T05:47:53.382Z] OK [sidearm-2025-11-13-SMU-Syracuse] Parsed 36 stats (attempt 1)
[2026-08-19T05:47:59.366Z] OK [sidearm-2025-11-13-Georgetown-Providence] Parsed 54 stats (attempt 1)
[2026-08-19T05:47:59.368Z] FALLBACK OK [sidearm-2025-11-13-Georgetown-Providence] Recovered 54 stats from the alternate source
[2026-08-19T05:48:00.251Z] OK [wmt-2025-11-20-Clemson-Western-Michigan] Parsed 32 stats from WMT stats feed
[2026-08-19T05:48:10.980Z] OK [sidearm-2025-11-15-San-Diego-Oregon-State] Parsed 28 stats (attempt 1)
[2026-08-19T05:48:10.993Z] OK [sidearm-2025-11-16-Marshall-#5-Seed-UCF] Parsed 57 stats (attempt 1)
[2026-08-19T05:48:11.012Z] OK [sidearm-2025-11-16-UCLA-Michigan] Parsed 59 stats (attempt 1)
[2026-08-19T05:48:11.572Z] OK [sidearm-2025-11-20-Duke-FDU] Parsed 67 stats (attempt 1)
[2026-08-19T05:48:11.699Z] WARN [sidearm-2025-11-15-Portland-Saint-Mary's] No stats found (attempt 1)
[2026-08-19T05:48:11.701Z] FALLBACK [sidearm-2025-11-15-Portland-Saint-Mary's] Primary box score empty, trying https://smcgaels.com/sports/mens-soccer/stats/2025/portland/boxscore/12245
[2026-08-19T05:48:11.861Z] WARN [sidearm-2025-11-16-Georgetown-UConn] No stats found (attempt 1)
[2026-08-19T05:48:11.863Z] FALLBACK [sidearm-2025-11-16-Georgetown-UConn] Primary box score empty, trying https://uconnhuskies.com/sports/mens-soccer/stats/2025/georgetown/boxscore/24951
[2026-08-19T05:48:15.980Z] OK [sidearm-2025-11-16-SMU-Virginia] Parsed 31 stats (attempt 1)
[2026-08-19T05:48:22.714Z] OK [sidearm-2025-11-15-Portland-Saint-Mary's] Parsed 60 stats (attempt 1)
[2026-08-19T05:48:22.717Z] FALLBACK OK [sidearm-2025-11-15-Portland-Saint-Mary's] Recovered 60 stats from the alternate source
[2026-08-19T05:48:22.917Z] OK [sidearm-2025-11-16-Georgetown-UConn] Parsed 56 stats (attempt 1)
[2026-08-19T05:48:22.920Z] FALLBACK OK [sidearm-2025-11-16-Georgetown-UConn] Recovered 56 stats from the alternate source
[2026-08-19T05:48:22.935Z] SKIP [wmtwp-2025-11-20-Kentucky-Saint-Louis] PDF-only box score: https://storage.googleapis.com/ukathletics-com/2025/11/95490af8-msoc-box-score-vs.-saint-louis.pdf
[2026-08-19T05:48:23.870Z] OK [wmt-2025-11-20-GCU-UCLA] Parsed 30 stats from WMT stats feed
[2026-08-19T05:48:23.899Z] OK [wmt-2025-11-20-Michigan-Notre-Dame] Parsed 32 stats from WMT stats feed
[2026-08-19T05:48:35.481Z] OK [sidearm-2025-11-20-Seton-Hall-Siena] Parsed 54 stats (attempt 1)
[2026-08-19T05:48:35.484Z] OK [sidearm-2025-11-20-Oregon-State-Washington] Parsed 57 stats (attempt 1)
[2026-08-19T05:48:35.502Z] OK [sidearm-2025-11-20-West-Virginia-St.-John's] Parsed 62 stats (attempt 1)
[2026-08-19T05:48:35.523Z] OK [sidearm-2025-11-20-Syracuse-Hofstra] Parsed 54 stats (attempt 1)
[2026-08-19T05:48:37.688Z] OK [sidearm-2025-11-20-North-Carolina-North-Florida] Parsed 63 stats (attempt 1)
[2026-08-19T05:48:38.496Z] OK [wmt-2025-11-23-Akron-Notre-Dame] Parsed 30 stats from WMT stats feed
[2026-08-19T05:48:38.533Z] OK [wmt-2025-11-23-Kansas-City-Stanford] Parsed 30 stats from WMT stats feed
[2026-08-19T05:48:38.579Z] OK [wmt-2025-11-20-Florida-Atlantic-UCF] Parsed 31 stats from WMT stats feed
[2026-08-19T05:48:46.837Z] OK [sidearm-2025-11-23-NC-State-Marshall-(Second-Round)] Parsed 58 stats (attempt 1)
[2026-08-19T05:48:46.938Z] OK [sidearm-2025-11-20-Marshall-Cleveland-State] Parsed 54 stats (attempt 1)
[2026-08-19T05:48:47.758Z] OK [sidearm-2025-11-23-#3-Princeton-Duke] Parsed 61 stats (attempt 1)
[2026-08-19T05:48:47.774Z] OK [sidearm-2025-11-20-Denver-UC-Irvine] Parsed 54 stats (attempt 1)
[2026-08-19T05:48:51.973Z] OK [sidearm-2025-11-23-SMU-Washington] Parsed 30 stats (attempt 1)
[2026-08-19T05:48:52.864Z] OK [wmt-2025-11-23-UNCG-Virginia] Parsed 32 stats from WMT stats feed
[2026-08-19T05:49:04.569Z] OK [sidearm-2025-11-23-Indiana-#21-Saint-Louis] Parsed 59 stats (attempt 1)
[2026-08-19T05:49:04.833Z] OK [sidearm-2025-11-23-[11]-No.-5-Bryant-Seton-Hall] Parsed 61 stats (attempt 1)
[2026-08-19T05:49:04.835Z] OK [sidearm-2025-11-23-#10-High-Point-West-Virginia] Parsed 59 stats (attempt 1)
[2026-08-19T05:49:05.013Z] OK [sidearm-2025-11-23-UConn-Cornell-] Parsed 60 stats (attempt 1)
[2026-08-19T05:49:05.030Z] OK [sidearm-2025-11-23-(#8-seed)-Portland-Denver] Parsed 61 stats (attempt 1)
[2026-08-19T05:49:05.660Z] WARN [sidearm-2025-11-23-Georgetown-UCF] No stats found (attempt 1)
[2026-08-19T05:49:05.663Z] FALLBACK [sidearm-2025-11-23-Georgetown-UCF] Primary box score empty, trying https://ucfknights.com/boxscore/11792
[2026-08-19T05:49:06.498Z] OK [sidearm-2025-11-23-Georgetown-UCF] Parsed 30 stats from WMT stats feed
[2026-08-19T05:49:06.500Z] FALLBACK OK [sidearm-2025-11-23-Georgetown-UCF] Recovered 30 stats from the alternate source
[2026-08-19T05:49:07.029Z] OK [sidearm-2025-11-23-No.-4-Maryland-North-Carolina] Parsed 60 stats (attempt 1)
[2026-08-19T05:49:05.771Z] OK [wmt-2025-11-30-Stanford-Washington] Parsed 29 stats from WMT stats feed
[2026-08-19T05:49:17.380Z] OK [sidearm-2025-11-23-San-Diego-Grand-Canyon] Parsed 33 stats (attempt 1)
[2026-08-19T05:49:17.398Z] OK [sidearm-2025-11-30-NC-State-UNC-Greensboro-(Third-Round)] Parsed 57 stats (attempt 1)
[2026-08-19T05:49:18.087Z] OK [sidearm-2025-11-30-#14-Akron-Duke] Parsed 60 stats (attempt 1)
[2026-08-19T05:49:18.209Z] OK [sidearm-2025-11-29-#4-Maryland-UConn] Parsed 58 stats (attempt 1)
[2026-08-19T05:49:18.228Z] WARN [sidearm-2025-12-05-Portland-Furman] No stats found (attempt 1)
[2026-08-19T05:49:18.388Z] WARN [sidearm-2025-11-29-Georgetown-High-Point] No stats found (attempt 1)
[2026-08-19T05:49:18.555Z] WARN [sidearm-2025-11-29-Portland-Grand-Canyon] No stats found (attempt 1)
[2026-08-19T05:49:18.558Z] Retrying 5 games with longer waits...
[2026-08-19T05:49:18.570Z] SKIP [wmtwp-2025-11-20-Kentucky-Saint-Louis] PDF-only box score: https://storage.googleapis.com/ukathletics-com/2025/11/95490af8-msoc-box-score-vs.-saint-louis.pdf
[2026-08-19T05:49:32.535Z] WARN [sidearm-2025-11-29-Portland-Grand-Canyon] No stats found (attempt 2)
[2026-08-19T05:49:32.537Z] WARN [sidearm-2025-12-05-Portland-Furman] No stats found (attempt 2)
[2026-08-19T05:49:32.553Z] WARN [sidearm-2025-11-08-Portland-Seattle-University] No stats found (attempt 2)
[2026-08-19T05:49:32.573Z] WARN [sidearm-2025-11-29-Georgetown-High-Point] No stats found (attempt 2)
[2026-08-19T05:49:32.576Z] Retrying 5 games with extra-long waits...
[2026-08-19T05:49:32.589Z] SKIP [wmtwp-2025-11-20-Kentucky-Saint-Louis] PDF-only box score: https://storage.googleapis.com/ukathletics-com/2025/11/95490af8-msoc-box-score-vs.-saint-louis.pdf
[2026-08-19T05:49:46.217Z] WARN [sidearm-2025-11-29-Georgetown-High-Point] No stats found (attempt 3)
[2026-08-19T05:49:46.342Z] WARN [sidearm-2025-11-29-Portland-Grand-Canyon] No stats found (attempt 3)
[2026-08-19T05:49:46.344Z] WARN [sidearm-2025-12-05-Portland-Furman] No stats found (attempt 3)
[2026-08-19T05:49:46.374Z] WARN [sidearm-2025-11-08-Portland-Seattle-University] No stats found (attempt 3)
[2026-08-19T05:49:46.409Z] Batch 6 complete. Memory cleared.
[2026-08-19T05:49:46.411Z] Starting Batch 7 (6 games)...
[2026-08-19T05:50:00.137Z] OK [sidearm-2025-12-12-Saint-Louis-(Semifinals)-NC-State] Parsed 60 stats (attempt 1)
[2026-08-19T05:50:00.141Z] OK [sidearm-2025-12-06-Akron-#6-Saint-Louis] Parsed 61 stats (attempt 1)
[2026-08-19T05:50:00.172Z] OK [sidearm-2025-12-15-NC-State-Washington] Parsed 59 stats (attempt 1)
[2026-08-19T05:50:00.175Z] OK [sidearm-2025-12-06-(7)-Georgetown-(Quarterfinals)-NC-State] Parsed 58 stats (attempt 1)
[2026-08-19T05:50:00.199Z] OK [sidearm-2025-12-12-#16-Furman-Washington] Parsed 58 stats (attempt 1)
[2026-08-19T05:50:02.847Z] OK [sidearm-2025-12-06-Maryland-Washington] Parsed 59 stats (attempt 1)
[2026-08-19T05:50:02.882Z] Batch 7 complete. Memory cleared.
[2026-08-19T05:50:03.090Z] DONE! Processed 726 games in 1725.6s
[2026-08-19T05:50:03.092Z] Stats written to /workspaces/CS/NcaDB/ncaa-soccer/data/player_stats/2025/player_stats.csv
[2026-08-19T05:50:03.104Z] WARN 28 games still missing stats after retry. Logged to /workspaces/CS/NcaDB/ncaa-soccer/data/player_stats/failed_boxscores.log
