sidearm-2025-08-10-Portland-Oregon-State-(Exh.),2025-08-10,Portland vs Oregon State (Exh.),https://portlandpilots.com/sports/mens-soccer/stats/2025/central-arkansas/boxscore/12856,
sidearm-2025-08-15-Portland-Washington-(Exh.),2025-08-15,Portland vs Washington (Exh.),https://portlandpilots.com/sports/mens-soccer/stats/2025/central-arkansas/boxscore/12856,
sidearm-2025-08-21-Georgetown-High-Point,2025-08-21,Georgetown vs High Point,https://guhoyas.com/sports/mens-soccer/stats/2025/high-point/boxscore/21327,
wmtwp-2025-08-21-Kentucky-Western-Michigan,2025-08-21,Western Michigan vs Kentucky,https://storage.googleapis.com/ukathletics-com/2025/08/ee7337dc-uk-msoc-box-score-western-michigan.pdf,
wmt-2025-08-21-George-Washington-Old-Dominion,2025-08-21,Old Dominion vs George Washington,https://odusports.com/boxscore/14281,
sidearm-2025-08-22-Portland-Central-Arkansas,2025-08-22,Portland vs Central Arkansas,https://portlandpilots.com/sports/mens-soccer/stats/2025/central-arkansas/boxscore/12856,
wmtwp-2025-08-25-Bellarmine-Kentucky,2025-08-25,Kentucky vs Bellarmine,https://storage.googleapis.com/ukathletics-com/2025/08/04f952aa-msoc-box-score-vs-bellarmine.pdf,
sidearm-2025-08-25-Portland-Lewis-&-Clark,2025-08-25,Portland vs Lewis & Clark,https://portlandpilots.com/sports/mens-soccer/stats/2025/central-arkansas/boxscore/12856,
wmt-2025-08-29-Old-Dominion-VCU,2025-08-29,Old Dominion vs VCU,https://odusports.com/boxscore/14283,
sidearm-2025-08-29-Portland-Siena-College,2025-08-29,Portland vs Siena College,https://portlandpilots.com/sports/mens-soccer/stats/2025/central-arkansas/boxscore/12856,
sidearm-2025-09-01-Georgetown-Vermont,2025-09-01,Georgetown vs Vermont,https://guhoyas.com/sports/mens-soccer/stats/2025/vermont/boxscore/21330,
sidearm-2025-09-05-Portland-Kansas-City,2025-09-05,Portland vs Kansas City,https://portlandpilots.com/sports/mens-soccer/stats/2025/central-arkansas/boxscore/12856,
wmtwp-2025-09-09-Detroit-Mercy-Kentucky,2025-09-09,Kentucky vs Detroit Mercy,https://storage.googleapis.com/ukathletics-com/2025/09/3bcdffee-msoc-box-score-vs-detroit-mercy.pdf,
sidearm-2025-09-12-Portland-Saint-Louis,2025-09-12,Portland vs Saint Louis,https://portlandpilots.com/sports/mens-soccer/stats/2025/central-arkansas/boxscore/12856,
sidearm-2025-09-13-Georgetown-Rider,2025-09-13,Georgetown vs Rider,https://guhoyas.com/sports/mens-soccer/stats/2025/rider/boxscore/21333,
wmtwp-2025-09-14-Bowling-Green-Kentucky,2025-09-14,Kentucky vs Bowling Green,https://storage.googleapis.com/ukathletics-com/2025/09/d6f87e54-msoc-box-score-vs.-bowling-green.pdf,
wmt-2025-09-23-Notre-Dame-Wright-State,2025-09-23,Notre Dame vs Wright State,https://fightingirish.com/boxscore/1045,
wmt-2025-09-23-Dayton-Virginia,2025-09-23,Virginia vs Dayton,https://static.virginiasports.com/custompages/sports/m-soccer/stats/2025-2026/VA092325.PDF,
sidearm-2025-09-23-Georgetown-George-Mason,2025-09-23,Georgetown vs George Mason,https://guhoyas.com/sports/mens-soccer/stats/2025/george-mason/boxscore/21335,
sidearm-2025-09-27-Portland-Gonzaga,2025-09-27,Portland vs Gonzaga,https://portlandpilots.com/sports/mens-soccer/stats/2025/central-arkansas/boxscore/12856,
sidearm-2025-09-30-Portland-Florida-International,2025-09-30,Portland vs Florida International,https://portlandpilots.com/sports/mens-soccer/stats/2025/central-arkansas/boxscore/12856,
wmt-2025-10-10-Notre-Dame-Virginia,2025-10-10,Virginia vs Notre Dame,https://fightingirish.com/boxscore/1028,https://virginiasports.com/boxscore/324
wmt-2025-10-21-NIU-Notre-Dame,2025-10-21,NIU vs Notre Dame,https://fightingirish.com/boxscore/1033,
sidearm-2025-11-08-Portland-Seattle-University,2025-11-08,Portland vs Seattle University,https://portlandpilots.com/sports/mens-soccer/stats/2025/central-arkansas/boxscore/12856,
wmtwp-2025-11-20-Kentucky-Saint-Louis,2025-11-20,Kentucky vs Saint Louis,https://storage.googleapis.com/ukathletics-com/2025/11/95490af8-msoc-box-score-vs.-saint-louis.pdf,
sidearm-2025-11-29-Georgetown-High-Point,2025-11-29,Georgetown vs High Point,https://guhoyas.com/sports/mens-soccer/stats/2025/high-point/boxscore/21654,
sidearm-2025-11-29-Portland-Grand-Canyon,2025-11-29,Portland vs Grand Canyon,https://portlandpilots.com/sports/mens-soccer/stats/2025/grand-canyon/boxscore/13167,
sidearm-2025-12-05-Portland-Furman,2025-12-05,Portland vs Furman,https://portlandpilots.com/sports/mens-soccer/stats/2025/furman/boxscore/13168,